Component: ARM Compiler 5.06 update 7 (build 960) Tool: armlink [4d3601]

==============================================================================

Section Cross References

    startup_stm32f103xb.o(RESET) refers to startup_stm32f103xb.o(STACK) for __initial_sp
    startup_stm32f103xb.o(RESET) refers to startup_stm32f103xb.o(.text) for Reset_Handler
    startup_stm32f103xb.o(RESET) refers to stm32f1xx_it.o(i.NMI_Handler) for NMI_Handler
    startup_stm32f103xb.o(RESET) refers to stm32f1xx_it.o(i.HardFault_Handler) for HardFault_Handler
    startup_stm32f103xb.o(RESET) refers to stm32f1xx_it.o(i.MemManage_Handler) for MemManage_Handler
    startup_stm32f103xb.o(RESET) refers to stm32f1xx_it.o(i.BusFault_Handler) for BusFault_Handler
    startup_stm32f103xb.o(RESET) refers to stm32f1xx_it.o(i.UsageFault_Handler) for UsageFault_Handler
    startup_stm32f103xb.o(RESET) refers to stm32f1xx_it.o(i.SVC_Handler) for SVC_Handler
    startup_stm32f103xb.o(RESET) refers to stm32f1xx_it.o(i.DebugMon_Handler) for DebugMon_Handler
    startup_stm32f103xb.o(RESET) refers to stm32f1xx_it.o(i.PendSV_Handler) for PendSV_Handler
    startup_stm32f103xb.o(RESET) refers to stm32f1xx_it.o(i.SysTick_Handler) for SysTick_Handler
    startup_stm32f103xb.o(RESET) refers to stm32f1xx_it.o(i.EXTI0_IRQHandler) for EXTI0_IRQHandler
    startup_stm32f103xb.o(RESET) refers to stm32f1xx_it.o(i.DMA1_Channel1_IRQHandler) for DMA1_Channel1_IRQHandler
    startup_stm32f103xb.o(RESET) refers to stm32f1xx_it.o(i.DMA1_Channel6_IRQHandler) for DMA1_Channel6_IRQHandler
    startup_stm32f103xb.o(RESET) refers to stm32f1xx_it.o(i.ADC1_2_IRQHandler) for ADC1_2_IRQHandler
    startup_stm32f103xb.o(RESET) refers to stm32f1xx_it.o(i.USART1_IRQHandler) for USART1_IRQHandler
    startup_stm32f103xb.o(.text) refers to system_stm32f1xx.o(i.SystemInit) for SystemInit
    startup_stm32f103xb.o(.text) refers to entry.o(.ARM.Collect$$$$00000000) for __main
    main.o(i.SystemClock_Config) refers to memseta.o(.text) for __aeabi_memclr4
    main.o(i.SystemClock_Config) refers to stm32f1xx_hal_rcc.o(i.HAL_RCC_OscConfig) for HAL_RCC_OscConfig
    main.o(i.SystemClock_Config) refers to stm32f1xx_hal_rcc.o(i.HAL_RCC_ClockConfig) for HAL_RCC_ClockConfig
    main.o(i.SystemClock_Config) refers to stm32f1xx_hal_rcc_ex.o(i.HAL_RCCEx_PeriphCLKConfig) for HAL_RCCEx_PeriphCLKConfig
    main.o(i.main) refers to stm32f1xx_hal.o(i.HAL_Init) for HAL_Init
    main.o(i.main) refers to main.o(i.SystemClock_Config) for SystemClock_Config
    main.o(i.main) refers to gpio.o(i.MX_GPIO_Init) for MX_GPIO_Init
    main.o(i.main) refers to dma.o(i.MX_DMA_Init) for MX_DMA_Init
    main.o(i.main) refers to usart.o(i.MX_USART1_UART_Init) for MX_USART1_UART_Init
    main.o(i.main) refers to i2c.o(i.MX_I2C2_Init) for MX_I2C2_Init
    main.o(i.main) refers to adc.o(i.MX_ADC1_Init) for MX_ADC1_Init
    main.o(i.main) refers to tim.o(i.MX_TIM1_Init) for MX_TIM1_Init
    main.o(i.main) refers to tim.o(i.MX_TIM3_Init) for MX_TIM3_Init
    main.o(i.main) refers to iwdg.o(i.MX_IWDG_Init) for MX_IWDG_Init
    main.o(i.main) refers to app.o(i.App_Init) for App_Init
    main.o(i.main) refers to app.o(i.App_Run) for App_Run
    main.o(i.main) refers to beep.o(i.Beep_Update) for Beep_Update
    main.o(i.main) refers to stm32f1xx_hal_iwdg.o(i.HAL_IWDG_Refresh) for HAL_IWDG_Refresh
    main.o(i.main) refers to stm32f1xx_hal.o(i.HAL_Delay) for HAL_Delay
    main.o(i.main) refers to iwdg.o(.bss) for hiwdg
    gpio.o(i.MX_GPIO_Init) refers to stm32f1xx_hal_gpio.o(i.HAL_GPIO_WritePin) for HAL_GPIO_WritePin
    gpio.o(i.MX_GPIO_Init) refers to stm32f1xx_hal_gpio.o(i.HAL_GPIO_Init) for HAL_GPIO_Init
    gpio.o(i.MX_GPIO_Init) refers to stm32f1xx_hal_cortex.o(i.HAL_NVIC_SetPriority) for HAL_NVIC_SetPriority
    gpio.o(i.MX_GPIO_Init) refers to stm32f1xx_hal_cortex.o(i.HAL_NVIC_EnableIRQ) for HAL_NVIC_EnableIRQ
    adc.o(i.HAL_ADC_MspDeInit) refers to stm32f1xx_hal_gpio.o(i.HAL_GPIO_DeInit) for HAL_GPIO_DeInit
    adc.o(i.HAL_ADC_MspDeInit) refers to stm32f1xx_hal_dma.o(i.HAL_DMA_DeInit) for HAL_DMA_DeInit
    adc.o(i.HAL_ADC_MspDeInit) refers to stm32f1xx_hal_cortex.o(i.HAL_NVIC_DisableIRQ) for HAL_NVIC_DisableIRQ
    adc.o(i.HAL_ADC_MspInit) refers to stm32f1xx_hal_gpio.o(i.HAL_GPIO_Init) for HAL_GPIO_Init
    adc.o(i.HAL_ADC_MspInit) refers to stm32f1xx_hal_dma.o(i.HAL_DMA_Init) for HAL_DMA_Init
    adc.o(i.HAL_ADC_MspInit) refers to main.o(i.Error_Handler) for Error_Handler
    adc.o(i.HAL_ADC_MspInit) refers to stm32f1xx_hal_cortex.o(i.HAL_NVIC_SetPriority) for HAL_NVIC_SetPriority
    adc.o(i.HAL_ADC_MspInit) refers to stm32f1xx_hal_cortex.o(i.HAL_NVIC_EnableIRQ) for HAL_NVIC_EnableIRQ
    adc.o(i.HAL_ADC_MspInit) refers to adc.o(.bss) for .bss
    adc.o(i.MX_ADC1_Init) refers to stm32f1xx_hal_adc.o(i.HAL_ADC_Init) for HAL_ADC_Init
    adc.o(i.MX_ADC1_Init) refers to main.o(i.Error_Handler) for Error_Handler
[...]
    i.DataProtocol_UpdateAndSend             0x080012ac   Section        0  data_protocol.o(i.DataProtocol_UpdateAndSend)
    i.DebugMon_Handler                       0x080012e8   Section        0  stm32f1xx_it.o(i.DebugMon_Handler)
    i.Display_HR_SPO2_Mode                   0x080012ec   Section        0  app.o(i.Display_HR_SPO2_Mode)
    Display_HR_SPO2_Mode                     0x080012ed   Thumb Code    56  app.o(i.Display_HR_SPO2_Mode)
    i.EXTI0_IRQHandler                       0x08001360   Section        0  stm32f1xx_it.o(i.EXTI0_IRQHandler)
    i.Error_Handler                          0x08001366   Section        0  main.o(i.Error_Handler)
    i.GUANGZHAO_GetLightLevel                0x0800136a   Section        0  guangzhao.o(i.GUANGZHAO_GetLightLevel)
    i.GUANGZHAO_GetRawValue                  0x080013a0   Section        0  guangzhao.o(i.GUANGZHAO_GetRawValue)
    i.GUANGZHAO_GetVoltage                   0x080013cc   Section        0  guangzhao.o(i.GUANGZHAO_GetVoltage)
    i.GUANGZHAO_Init                         0x080013ec   Section        0  guangzhao.o(i.GUANGZHAO_Init)
    i.HAL_ADCEx_InjectedConvCpltCallback     0x08001400   Section        0  stm32f1xx_hal_adc_ex.o(i.HAL_ADCEx_InjectedConvCpltCallback)
    i.HAL_ADC_ConfigChannel                  0x08001404   Section        0  stm32f1xx_hal_adc.o(i.HAL_ADC_ConfigChannel)
    i.HAL_ADC_ConvCpltCallback               0x08001500   Section        0  stm32f1xx_hal_adc.o(i.HAL_ADC_ConvCpltCallback)
    i.HAL_ADC_ConvHalfCpltCallback           0x08001502   Section        0  stm32f1xx_hal_adc.o(i.HAL_ADC_ConvHalfCpltCallback)
    i.HAL_ADC_ErrorCallback                  0x08001504   Section        0  stm32f1xx_hal_adc.o(i.HAL_ADC_ErrorCallback)
    i.HAL_ADC_IRQHandler                     0x08001506   Section        0  stm32f1xx_hal_adc.o(i.HAL_ADC_IRQHandler)
    i.HAL_ADC_Init                           0x080015e4   Section        0  stm32f1xx_hal_adc.o(i.HAL_ADC_Init)
    i.HAL_ADC_LevelOutOfWindowCallback       0x08001700   Section        0  stm32f1xx_hal_adc.o(i.HAL_ADC_LevelOutOfWindowCallback)
    i.HAL_ADC_MspInit                        0x08001704   Section        0  adc.o(i.HAL_ADC_MspInit)
    i.HAL_ADC_Start_DMA                      0x080017a4   Section        0  stm32f1xx_hal_adc.o(i.HAL_ADC_Start_DMA)
    i.HAL_DMA_Abort                          0x080018b0   Section        0  stm32f1xx_hal_dma.o(i.HAL_DMA_Abort)
    i.HAL_DMA_Abort_IT                       0x080018f8   Section        0  stm32f1xx_hal_dma.o(i.HAL_DMA_Abort_IT)
    i.HAL_DMA_IRQHandler                     0x08001990   Section        0  stm32f1xx_hal_dma.o(i.HAL_DMA_IRQHandler)
    i.HAL_DMA_Init                           0x08001ae4   Section        0  stm32f1xx_hal_dma.o(i.HAL_DMA_Init)
    i.HAL_DMA_Start_IT                       0x08001b40   Section        0  stm32f1xx_hal_dma.o(i.HAL_DMA_Start_IT)
    i.HAL_Delay                              0x08001bb0   Section        0  stm32f1xx_hal.o(i.HAL_Delay)
    i.HAL_GPIO_EXTI_Callback                 0x08001bd4   Section        0  gpio.o(i.HAL_GPIO_EXTI_Callback)
    i.HAL_GPIO_EXTI_IRQHandler               0x08001bd8   Section        0  stm32f1xx_hal_gpio.o(i.HAL_GPIO_EXTI_IRQHandler)
    i.HAL_GPIO_Init                          0x08001bf0   Section        0  stm32f1xx_hal_gpio.o(i.HAL_GPIO_Init)
    i.HAL_GPIO_ReadPin                       0x08001dd0   Section        0  stm32f1xx_hal_gpio.o(i.HAL_GPIO_ReadPin)
    i.HAL_GPIO_WritePin                      0x08001dda   Section        0  stm32f1xx_hal_gpio.o(i.HAL_GPIO_WritePin)
    i.HAL_GetTick                            0x08001de4   Section        0  stm32f1xx_hal.o(i.HAL_GetTick)
    i.HAL_I2C_Init                           0x08001df0   Section        0  stm32f1xx_hal_i2c.o(i.HAL_I2C_Init)
    i.HAL_I2C_Master_Receive                 0x08001f78   Section        0  stm32f1xx_hal_i2c.o(i.HAL_I2C_Master_Receive)
    i.HAL_I2C_Master_Transmit                0x080021c8   Section        0  stm32f1xx_hal_i2c.o(i.HAL_I2C_Master_Transmit)
    i.HAL_I2C_MspInit                        0x080022f4   Section        0  i2c.o(i.HAL_I2C_MspInit)
    i.HAL_IWDG_Init                          0x08002354   Section        0  stm32f1xx_hal_iwdg.o(i.HAL_IWDG_Init)
    i.HAL_IWDG_Refresh                       0x080023b2   Section        0  stm32f1xx_hal_iwdg.o(i.HAL_IWDG_Refresh)
    i.HAL_IncTick                            0x080023c0   Section        0  stm32f1xx_hal.o(i.HAL_IncTick)
    i.HAL_Init                               0x080023d0   Section        0  stm32f1xx_hal.o(i.HAL_Init)
    i.HAL_InitTick                           0x080023f4   Section        0  stm32f1xx_hal.o(i.HAL_InitTick)
    i.HAL_MspInit                            0x08002434   Section        0  stm32f1xx_hal_msp.o(i.HAL_MspInit)
    i.HAL_NVIC_EnableIRQ                     0x08002470   Section        0  stm32f1xx_hal_cortex.o(i.HAL_NVIC_EnableIRQ)
    i.HAL_NVIC_SetPriority                   0x0800248c   Section        0  stm32f1xx_hal_cortex.o(i.HAL_NVIC_SetPriority)
    i.HAL_NVIC_SetPriorityGrouping           0x080024cc   Section        0  stm32f1xx_hal_cortex.o(i.HAL_NVIC_SetPriorityGrouping)
    i.HAL_RCCEx_PeriphCLKConfig              0x080024f0   Section        0  stm32f1xx_hal_rcc_ex.o(i.HAL_RCCEx_PeriphCLKConfig)
    i.HAL_RCC_ClockConfig                    0x080025dc   Section        0  stm32f1xx_hal_rcc.o(i.HAL_RCC_ClockConfig)
    i.HAL_RCC_GetPCLK1Freq                   0x08002708   Section        0  stm32f1xx_hal_rcc.o(i.HAL_RCC_GetPCLK1Freq)
    i.HAL_RCC_GetPCLK2Freq                   0x08002728   Section        0  stm32f1xx_hal_rcc.o(i.HAL_RCC_GetPCLK2Freq)
    i.HAL_RCC_GetSysClockFreq                0x08002748   Section        0  stm32f1xx_hal_rcc.o(i.HAL_RCC_GetSysClockFreq)
    i.HAL_RCC_OscConfig                      0x08002794   Section        0  stm32f1xx_hal_rcc.o(i.HAL_RCC_OscConfig)
    i.HAL_SYSTICK_Config                     0x08002ab4   Section        0  stm32f1xx_hal_cortex.o(i.HAL_SYSTICK_Config)
    i.HAL_TIMEx_MasterConfigSynchronization  0x08002adc   Section        0  stm32f1xx_hal_tim_ex.o(i.HAL_TIMEx_MasterConfigSynchronization)
    i.HAL_TIM_Base_Init                      0x08002b44   Section        0  stm32f1xx_hal_tim.o(i.HAL_TIM_Base_Init)
    i.HAL_TIM_Base_MspInit                   0x08002ba0   Section        0  tim.o(i.HAL_TIM_Base_MspInit)
    i.HAL_TIM_Base_Start                     0x08002c20   Section        0  stm32f1xx_hal_tim.o(i.HAL_TIM_Base_Start)
    i.HAL_TIM_Base_Stop                      0x08002c70   Section        0  stm32f1xx_hal_tim.o(i.HAL_TIM_Base_Stop)
    i.HAL_TIM_ConfigClockSource              0x08002c96   Section        0  stm32f1xx_hal_tim.o(i.HAL_TIM_ConfigClockSource)
    i.HAL_TIM_ErrorCallback                  0x08002d72   Section        0  stm32f1xx_hal_tim.o(i.HAL_TIM_ErrorCallback)
    i.HAL_TIM_MspPostInit                    0x08002d74   Section        0  tim.o(i.HAL_TIM_MspPostInit)
    i.HAL_TIM_PWM_ConfigChannel              0x08002dc0   Section        0  stm32f1xx_hal_tim.o(i.HAL_TIM_PWM_ConfigChannel)
    i.HAL_TIM_PWM_Init                       0x08002e8c   Section        0  stm32f1xx_hal_tim.o(i.HAL_TIM_PWM_Init)
    i.HAL_TIM_PWM_MspInit                    0x08002ee6   Section        0  stm32f1xx_hal_tim.o(i.HAL_TIM_PWM_MspInit)
    i.HAL_TIM_PWM_PulseFinishedCallback      0x08002ee8   Section        0  ws2812b.o(i.HAL_TIM_PWM_PulseFinishedCallback)
    i.HAL_TIM_PWM_PulseFinishedHalfCpltCallback 0x08002efc   Section        0  stm32f1xx_hal_tim.o(i.HAL_TIM_PWM_PulseFinishedHalfCpltCallback)
    i.HAL_TIM_PWM_Start_DMA                  0x08002f00   Section        0  stm32f1xx_hal_tim.o(i.HAL_TIM_PWM_Start_DMA)
    i.HAL_TIM_PWM_Stop_DMA                   0x08003094   Section        0  stm32f1xx_hal_tim.o(i.HAL_TIM_PWM_Stop_DMA)
    i.HAL_UARTEx_RxEventCallback             0x08003158   Section        0  stm32f1xx_hal_uart.o(i.HAL_UARTEx_RxEventCallback)
    i.HAL_UART_ErrorCallback                 0x0800315a   Section        0  stm32f1xx_hal_uart.o(i.HAL_UART_ErrorCallback)
    i.HAL_UART_IRQHandler                    0x0800315c   Section        0  stm32f1xx_hal_uart.o(i.HAL_UART_IRQHandler)
    i.HAL_UART_Init                          0x080033c8   Section        0  stm32f1xx_hal_uart.o(i.HAL_UART_Init)
    i.HAL_UART_MspInit                       0x0800342c   Section        0  usart.o(i.HAL_UART_MspInit)
    i.HAL_UART_RxCpltCallback                0x080034ac   Section        0  stm32f1xx_hal_uart.o(i.HAL_UART_RxCpltCallback)
    i.HAL_UART_Transmit                      0x080034ae   Section        0  stm32f1xx_hal_uart.o(i.HAL_UART_Transmit)
    i.HAL_UART_TxCpltCallback                0x08003550   Section        0  usart.o(i.HAL_UART_TxCpltCallback)
    i.HardFault_Handler                      0x0800357c   Section        0  stm32f1xx_it.o(i.HardFault_Handler)
    i.I2C_IsAcknowledgeFailed                0x0800357e   Section        0  stm32f1xx_hal_i2c.o(i.I2C_IsAcknowledgeFailed)
    I2C_IsAcknowledgeFailed                  0x0800357f   Thumb Code    46  stm32f1xx_hal_i2c.o(i.I2C_IsAcknowledgeFailed)
    i.I2C_MasterRequestRead                  0x080035ac   Section        0  stm32f1xx_hal_i2c.o(i.I2C_MasterRequestRead)
    I2C_MasterRequestRead                    0x080035ad   Thumb Code   230  stm32f1xx_hal_i2c.o(i.I2C_MasterRequestRead)
    i.I2C_MasterRequestWrite                 0x08003698   Section        0  stm32f1xx_hal_i2c.o(i.I2C_MasterRequestWrite)
    I2C_MasterRequestWrite                   0x08003699   Thumb Code   150  stm32f1xx_hal_i2c.o(i.I2C_MasterRequestWrite)
    i.I2C_WaitOnBTFFlagUntilTimeout          0x08003734   Section        0  stm32f1xx_hal_i2c.o(i.I2C_WaitOnBTFFlagUntilTimeout)
    I2C_WaitOnBTFFlagUntilTimeout            0x08003735   Thumb Code    86  stm32f1xx_hal_i2c.o(i.I2C_WaitOnBTFFlagUntilTimeout)
    i.I2C_WaitOnFlagUntilTimeout             0x0800378c   Section        0  stm32f1xx_hal_i2c.o(i.I2C_WaitOnFlagUntilTimeout)
    I2C_WaitOnFlagUntilTimeout               0x0800378d   Thumb Code   144  stm32f1xx_hal_i2c.o(i.I2C_WaitOnFlagUntilTimeout)
    i.I2C_WaitOnMasterAddressFlagUntilTimeout 0x0800381c   Section        0  stm32f1xx_hal_i2c.o(i.I2C_WaitOnMasterAddressFlagUntilTimeout)
    I2C_WaitOnMasterAddressFlagUntilTimeout  0x0800381d   Thumb Code   188  stm32f1xx_hal_i2c.o(i.I2C_WaitOnMasterAddressFlagUntilTimeout)
    i.I2C_WaitOnRXNEFlagUntilTimeout         0x080038d8   Section        0  stm32f1xx_hal_i2c.o(i.I2C_WaitOnRXNEFlagUntilTimeout)
    I2C_WaitOnRXNEFlagUntilTimeout           0x080038d9   Thumb Code   112  stm32f1xx_hal_i2c.o(i.I2C_WaitOnRXNEFlagUntilTimeout)
    i.I2C_WaitOnTXEFlagUntilTimeout          0x08003948   Section        0  stm32f1xx_hal_i2c.o(i.I2C_WaitOnTXEFlagUntilTimeout)
    I2C_WaitOnTXEFlagUntilTimeout            0x08003949   Thumb Code    86  stm32f1xx_hal_i2c.o(i.I2C_WaitOnTXEFlagUntilTimeout)
    i.Key_GetState                           0x080039a0   Section        0  key.o(i.Key_GetState)
    i.Key_Init                               0x080039e0   Section        0  key.o(i.Key_Init)
    i.MAX30100_GetHeartRate                  0x08003a48   Section        0  max30100.o(i.MAX30100_GetHeartRate)
    i.MAX30100_GetSpO2                       0x08003b88   Section        0  max30100.o(i.MAX30100_GetSpO2)
    i.MAX30100_Init                          0x08003cb4   Section        0  max30100.o(i.MAX30100_Init)
    i.MAX30100_ReadFIFO                      0x08003d64   Section        0  max30100.o(i.MAX30100_ReadFIFO)
    i.MAX30100_Reset                         0x08003dec   Section        0  max30100.o(i.MAX30100_Reset)
    i.MAX30100_WriteReg                      0x08003df4   Section        0  max30100.o(i.MAX30100_WriteReg)
    MAX30100_WriteReg                        0x08003df5   Thumb Code    30  max30100.o(i.MAX30100_WriteReg)
    i.MX_ADC1_Init                           0x08003e18   Section        0  adc.o(i.MX_ADC1_Init)
    i.MX_DMA_Init                            0x08003e68   Section        0  dma.o(i.MX_DMA_Init)
    i.MX_GPIO_Init                           0x08003ea4   Section        0  gpio.o(i.MX_GPIO_Init)
    i.MX_I2C2_Init                           0x08003ff4   Section        0  i2c.o(i.MX_I2C2_Init)
    i.MX_IWDG_Init                           0x08004034   Section        0  iwdg.o(i.MX_IWDG_Init)
    i.MX_TIM1_Init                           0x08004060   Section        0  tim.o(i.MX_TIM1_Init)
    i.MX_TIM3_Init                           0x080040c8   Section        0  tim.o(i.MX_TIM3_Init)
    i.MX_USART1_UART_Init                    0x0800415c   Section        0  usart.o(i.MX_USART1_UART_Init)
    i.MemManage_Handler                      0x08004194   Section        0  stm32f1xx_it.o(i.MemManage_Handler)
    i.NMI_Handler                            0x08004196   Section        0  stm32f1xx_it.o(i.NMI_Handler)
    i.OLED_Clear                             0x08004198   Section        0  oled.o(i.OLED_Clear)
    i.OLED_I2C_Init                          0x080041c0   Section        0  oled.o(i.OLED_I2C_Init)
    i.OLED_I2C_SendByte                      0x080041e4   Section        0  oled.o(i.OLED_I2C_SendByte)
    i.OLED_I2C_Start                         0x08004238   Section        0  oled.o(i.OLED_I2C_Start)
    i.OLED_I2C_Stop                          0x0800426c   Section        0  oled.o(i.OLED_I2C_Stop)
    i.OLED_Init                              0x08004298   Section        0  oled.o(i.OLED_Init)
    i.OLED_Pow                               0x08004344   Section        0  oled.o(i.OLED_Pow)
    i.OLED_SetCursor                         0x08004352   Section        0  oled.o(i.OLED_SetCursor)
    i.OLED_ShowChar                          0x08004374   Section        0  oled.o(i.OLED_ShowChar)
    i.OLED_ShowNum                           0x080043dc   Section        0  oled.o(i.OLED_ShowNum)
    i.OLED_ShowString                        0x0800441e   Section        0  oled.o(i.OLED_ShowString)
    i.OLED_WriteCommand                      0x08004444   Section        0  oled.o(i.OLED_WriteCommand)
    i.OLED_WriteData                         0x08004466   Section        0  oled.o(i.OLED_WriteData)
    i.PendSV_Handler                         0x08004488   Section        0  stm32f1xx_it.o(i.PendSV_Handler)
    i.RGB_BLACK_All                          0x0800448a   Section        0  ws2812b.o(i.RGB_BLACK_All)
    i.RGB_Color                              0x080044a4   Section        0  ws2812b.o(i.RGB_Color)
    RGB_Color                                0x080044a5   Thumb Code   222  ws2812b.o(i.RGB_Color)
    i.SVC_Handler                            0x0800458c   Section        0  stm32f1xx_it.o(i.SVC_Handler)
    i.SysTick_Handler                        0x0800458e   Section        0  stm32f1xx_it.o(i.SysTick_Handler)
    i.SystemClock_Config                     0x08004592   Section        0  main.o(i.SystemClock_Config)
    i.SystemInit                             0x08004612   Section        0  system_stm32f1xx.o(i.SystemInit)
    i.TIM_Base_SetConfig                     0x08004614   Section        0  stm32f1xx_hal_tim.o(i.TIM_Base_SetConfig)
    i.TIM_CCxChannelCmd                      0x0800468c   Section        0  stm32f1xx_hal_tim.o(i.TIM_CCxChannelCmd)
    i.TIM_DMADelayPulseCplt                  0x080046a6   Section        0  stm32f1xx_hal_tim.o(i.TIM_DMADelayPulseCplt)
    TIM_DMADelayPulseCplt                    0x080046a7   Thumb Code    94  stm32f1xx_hal_tim.o(i.TIM_DMADelayPulseCplt)
    i.TIM_DMADelayPulseHalfCplt              0x08004704   Section        0  stm32f1xx_hal_tim.o(i.TIM_DMADelayPulseHalfCplt)
    i.TIM_DMAError                           0x0800473c   Section        0  stm32f1xx_hal_tim.o(i.TIM_DMAError)
    i.TIM_ETR_SetConfig                      0x08004790   Section        0  stm32f1xx_hal_tim.o(i.TIM_ETR_SetConfig)
    i.TIM_ITRx_SetConfig                     0x080047a4   Section        0  stm32f1xx_hal_tim.o(i.TIM_ITRx_SetConfig)
    TIM_ITRx_SetConfig                       0x080047a5   Thumb Code    16  stm32f1xx_hal_tim.o(i.TIM_ITRx_SetConfig)
    i.TIM_OC1_SetConfig                      0x080047b4   Section        0  stm32f1xx_hal_tim.o(i.TIM_OC1_SetConfig)
    TIM_OC1_SetConfig                        0x080047b5   Thumb Code    74  stm32f1xx_hal_tim.o(i.TIM_OC1_SetConfig)
    i.TIM_OC2_SetConfig                      0x08004804   Section        0  stm32f1xx_hal_tim.o(i.TIM_OC2_SetConfig)
    i.TIM_OC3_SetConfig                      0x0800485c   Section        0  stm32f1xx_hal_tim.o(i.TIM_OC3_SetConfig)
    TIM_OC3_SetConfig                        0x0800485d   Thumb Code    82  stm32f1xx_hal_tim.o(i.TIM_OC3_SetConfig)
    i.TIM_OC4_SetConfig                      0x080048b4   Section        0  stm32f1xx_hal_tim.o(i.TIM_OC4_SetConfig)
    TIM_OC4_SetConfig                        0x080048b5   Thumb Code    64  stm32f1xx_hal_tim.o(i.TIM_OC4_SetConfig)
    i.TIM_TI1_ConfigInputStage               0x080048f8   Section        0  stm32f1xx_hal_tim.o(i.TIM_TI1_ConfigInputStage)
    TIM_TI1_ConfigInputStage                 0x080048f9   Thumb Code    34  stm32f1xx_hal_tim.o(i.TIM_TI1_ConfigInputStage)
    i.TIM_TI2_ConfigInputStage               0x0800491a   Section        0  stm32f1xx_hal_tim.o(i.TIM_TI2_ConfigInputStage)
    TIM_TI2_ConfigInputStage                 0x0800491b   Thumb Code    36  stm32f1xx_hal_tim.o(i.TIM_TI2_ConfigInputStage)
    i.UART_DMAAbortOnError                   0x0800493e   Section        0  stm32f1xx_hal_uart.o(i.UART_DMAAbortOnError)
    UART_DMAAbortOnError                     0x0800493f   Thumb Code    16  stm32f1xx_hal_uart.o(i.UART_DMAAbortOnError)
    i.UART_EndRxTransfer                     0x0800494e   Section        0  stm32f1xx_hal_uart.o(i.UART_EndRxTransfer)
    UART_EndRxTransfer                       0x0800494f   Thumb Code    78  stm32f1xx_hal_uart.o(i.UART_EndRxTransfer)
    i.UART_Receive_IT                        0x0800499c   Section        0  stm32f1xx_hal_uart.o(i.UART_Receive_IT)
    UART_Receive_IT                          0x0800499d   Thumb Code   194  stm32f1xx_hal_uart.o(i.UART_Receive_IT)
    i.UART_SetConfig                         0x08004a60   Section        0  stm32f1xx_hal_uart.o(i.UART_SetConfig)
    UART_SetConfig                           0x08004a61   Thumb Code   178  stm32f1xx_hal_uart.o(i.UART_SetConfig)
    i.UART_WaitOnFlagUntilTimeout            0x08004b18   Section        0  stm32f1xx_hal_uart.o(i.UART_WaitOnFlagUntilTimeout)
    UART_WaitOnFlagUntilTimeout              0x08004b19   Thumb Code   114  stm32f1xx_hal_uart.o(i.UART_WaitOnFlagUntilTimeout)
    i.USART1_IRQHandler                      0x08004b8c   Section        0  stm32f1xx_it.o(i.USART1_IRQHandler)
    i.UsageFault_Handler                     0x08004b98   Section        0  stm32f1xx_it.o(i.UsageFault_Handler)
    i.__0printf$bare                         0x08004b9c   Section        0  printfb.o(i.__0printf$bare)
    i.__ARM_fpclassifyf                      0x08004bac   Section        0  fpclassifyf.o(i.__ARM_fpclassifyf)
    i.__NVIC_SetPriority                     0x08004bd2   Section        0  stm32f1xx_hal_cortex.o(i.__NVIC_SetPriority)
    __NVIC_SetPriority                       0x08004bd3   Thumb Code    32  stm32f1xx_hal_cortex.o(i.__NVIC_SetPriority)
    i.__mathlib_flt_infnan                   0x08004bf2   Section        0  funder.o(i.__mathlib_flt_infnan)
    i.__mathlib_flt_invalid                  0x08004bf8   Section        0  funder.o(i.__mathlib_flt_invalid)
    i.__mathlib_flt_underflow                0x08004c00   Section        0  funder.o(i.__mathlib_flt_underflow)
    i.__mathlib_rredf2                       0x08004c0c   Section        0  rredf.o(i.__mathlib_rredf2)
    i.__scatterload_copy                     0x08004d74   Section       14  handlers.o(i.__scatterload_copy)
    i.__scatterload_null                     0x08004d82   Section        2  handlers.o(i.__scatterload_null)
    i.__scatterload_zeroinit                 0x08004d84   Section       14  handlers.o(i.__scatterload_zeroinit)
    i.__set_errno                            0x08004d94   Section        0  errno.o(i.__set_errno)
    i._printf_core                           0x08004da0   Section        0  printfb.o(i._printf_core)
    _printf_core                             0x08004da1   Thumb Code    34  printfb.o(i._printf_core)
    i.apply_ma_filter                        0x08004dc4   Section        0  max30100.o(i.apply_ma_filter)
    apply_ma_filter                          0x08004dc5   Thumb Code    54  max30100.o(i.apply_ma_filter)
    i.compute_bpm_from_timestamps            0x08004e00   Section        0  max30100.o(i.compute_bpm_from_timestamps)
    compute_bpm_from_timestamps              0x08004e01   Thumb Code   148  max30100.o(i.compute_bpm_from_timestamps)
    i.delay_us                               0x08004e9c   Section        0  ds18b20.o(i.delay_us)
    i.fputc                                  0x08004ec4   Section        0  usart.o(i.fputc)
    i.int_to_str                             0x08004edc   Section        0  data_protocol.o(i.int_to_str)
    int_to_str                               0x08004edd   Thumb Code    78  data_protocol.o(i.int_to_str)
    i.main                                   0x08004f2c   Section        0  main.o(i.main)
    i.set_ws2812_color                       0x08004f74   Section        0  ws2812b.o(i.set_ws2812_color)
    i.sinf                                   0x08004fb4   Section        0  sinf.o(i.sinf)
    i.ws2812_adc_driven_update               0x0800513c   Section        0  ws2812_effects.o(i.ws2812_adc_driven_update)
    i.ws2812_demo_start                      0x08005220   Section        0  ws2812_effects.o(i.ws2812_demo_start)
    i.ws2812_demo_update                     0x0800523c   Section        0  ws2812_effects.o(i.ws2812_demo_update)
    i.ws2812_update_display                  0x080053e8   Section        0  ws2812b.o(i.ws2812_update_display)
    .constdata                               0x080053fc   Section       18  stm32f1xx_hal_rcc.o(.constdata)
    aPredivFactorTable                       0x080053fc   Data           2  stm32f1xx_hal_rcc.o(.constdata)
    aPLLMULFactorTable                       0x080053fe   Data          16  stm32f1xx_hal_rcc.o(.constdata)
    .constdata                               0x0800540e   Section       16  system_stm32f1xx.o(.constdata)
    .constdata                               0x0800541e   Section        8  system_stm32f1xx.o(.constdata)
    .constdata                               0x08005426   Section     1520  oled.o(.constdata)
    .constdata                               0x08005a16   Section      256  ws2812b.o(.constdata)
    gamma_lut                                0x08005a16   Data         256  ws2812b.o(.constdata)
    .constdata                               0x08005b18   Section       39  ws2812_effects.o(.constdata)
    .constdata                               0x08005b40   Section       32  rredf.o(.constdata)
    twooverpi                                0x08005b40   Data          32  rredf.o(.constdata)
    .data                                    0x20000000   Section       12  stm32f1xx_hal.o(.data)
    .data                                    0x2000000c   Section        4  system_stm32f1xx.o(.data)
    .data                                    0x20000010   Section        8  beep.o(.data)
    beep_timed_active                        0x20000010   Data           1  beep.o(.data)
    beep_end_tick                            0x20000014   Data           4  beep.o(.data)
    .data                                    0x20000018   Section       52  app.o(.data)
    last_key_state                           0x20000018   Data           1  app.o(.data)
    display_mode                             0x20000019   Data           1  app.o(.data)
    mode_switch_pending                      0x2000001a   Data           1  app.o(.data)
    disp_hr                                  0x2000001b   Data           1  app.o(.data)
    disp_spo2                                0x2000001c   Data           1  app.o(.data)
    finger_present                           0x2000001d   Data           1  app.o(.data)
    ds18b20_state                            0x2000001e   Data           1  app.o(.data)
    temp_alarm                               0x2000001f   Data           1  app.o(.data)
    light_alarm                              0x20000020   Data           1  app.o(.data)
    mode_switch_time                         0x20000024   Data           4  app.o(.data)
    ds18b20_convert_start                    0x20000028   Data           4  app.o(.data)
    last_temp_trigger                        0x2000002c   Data           4  app.o(.data)
    last_valid_temperature                   0x20000030   Data           4  app.o(.data)
    alarm_blink_time                         0x20000034   Data           4  app.o(.data)
    light_blink_time                         0x20000038   Data           4  app.o(.data)
    last_data_send_time                      0x2000003c   Data           4  app.o(.data)
    last_pa1_control_time                    0x20000040   Data           4  app.o(.data)
    last_rgb_update_time                     0x20000044   Data           4  app.o(.data)
    last_light_read                          0x20000048   Data           4  app.o(.data)
    .data                                    0x2000004c   Section       44  max30100.o(.data)
    ir_win_idx                               0x2000004c   Data           1  max30100.o(.data)
    ir_win_filled                            0x2000004d   Data           1  max30100.o(.data)
    beat_count                               0x2000004e   Data           1  max30100.o(.data)
    beat_idx                                 0x2000004f   Data           1  max30100.o(.data)
    last_bpm                                 0x20000050   Data           1  max30100.o(.data)
    ma_index                                 0x20000051   Data           1  max30100.o(.data)
    ma_filled                                0x20000052   Data           1  max30100.o(.data)
    last_spo2                                0x20000053   Data           1  max30100.o(.data)
    bpm_confirm_count                        0x20000054   Data           1  max30100.o(.data)
    buf_head                                 0x20000056   Data           2  max30100.o(.data)
    last_ir_val                              0x20000058   Data           2  max30100.o(.data)
    prev_ir_val                              0x2000005a   Data           2  max30100.o(.data)
    spo2_ir_min                              0x2000005c   Data           2  max30100.o(.data)
    spo2_ir_max                              0x2000005e   Data           2  max30100.o(.data)
    spo2_red_min                             0x20000060   Data           2  max30100.o(.data)
    spo2_red_max                             0x20000062   Data           2  max30100.o(.data)
    spo2_count                               0x20000064   Data           2  max30100.o(.data)
    signal_quality                           0x20000066   Data           2  max30100.o(.data)
    ir_win_sum                               0x20000068   Data           4  max30100.o(.data)
    last_peak_time                           0x2000006c   Data           4  max30100.o(.data)
    spo2_ir_dc_sum                           0x20000070   Data           4  max30100.o(.data)
    spo2_red_dc_sum                          0x20000074   Data           4  max30100.o(.data)
    .data                                    0x20000078   Section        2  guangzhao.o(.data)
    guangzhao_current_value                  0x20000078   Data           2  guangzhao.o(.data)
    .data                                    0x2000007c   Section       12  ws2812_effects.o(.data)
    demo_phase                               0x2000007c   Data           1  ws2812_effects.o(.data)
    demo_step                                0x2000007d   Data           1  ws2812_effects.o(.data)
    demo_iter                                0x2000007e   Data           1  ws2812_effects.o(.data)
    demo_last_tick                           0x20000080   Data           4  ws2812_effects.o(.data)
    blink_counter                            0x20000084   Data           4  ws2812_effects.o(.data)
    .data                                    0x20000088   Section        4  data_protocol.o(.data)
    cached_temperature                       0x20000088   Data           4  data_protocol.o(.data)
    .data                                    0x2000008c   Section        4  stdout.o(.data)
    .data                                    0x20000090   Section        4  errno.o(.data)
    _errno                                   0x20000090   Data           4  errno.o(.data)
    .bss                                     0x20000094   Section      116  adc.o(.bss)
    .bss                                     0x20000108   Section       84  i2c.o(.bss)
    .bss                                     0x2000015c   Section       12  iwdg.o(.bss)
    .bss                                     0x20000168   Section      212  tim.o(.bss)
    .bss                                     0x2000023c   Section       72  usart.o(.bss)
    .bss                                     0x20000284   Section      964  max30100.o(.bss)
    ir_buffer                                0x20000284   Data         400  max30100.o(.bss)
    red_buffer                               0x20000414   Data         400  max30100.o(.bss)
    ir_win                                   0x200005a4   Data         100  max30100.o(.bss)
    beat_timestamps                          0x20000608   Data          32  max30100.o(.bss)
    ir_ma_buffer                             0x20000628   Data          16  max30100.o(.bss)
    red_ma_buffer                            0x20000638   Data          16  max30100.o(.bss)
    .bss                                     0x20000648   Section       20  guangzhao.o(.bss)
    guangzhao_dma_buffer                     0x20000648   Data          20  guangzhao.o(.bss)
    .bss                                     0x2000065c   Section      192  ws2812b.o(.bss)
    .bss                                     0x2000071c   Section      144  data_protocol.o(.bss)
    sensor_data                              0x2000071c   Data          16  data_protocol.o(.bss)
    tx_buffer                                0x2000072c   Data         128  data_protocol.o(.bss)
    STACK                                    0x200007b0   Section     1024  startup_stm32f103xb.o(STACK)

    Global Symbols

    Symbol Name                              Value     Ov Type        Size  Object(Section)

    BuildAttributes$$THM_ISAv4$P$D$K$B$S$PE$A:L22UL41UL21$X:L11$S22US41US21$IEEE1$IW$USESV6$~STKCKD$USESV7$~SHL$OTIME$ROPI$IEEEX$EBA8$MICROLIB$REQ8$PRES8$EABIv2 0x00000000   Number         0  anon$$obj.o ABSOLUTE
    __ARM_use_no_argv                        0x00000000   Number         0  main.o ABSOLUTE
    __arm_fini_                               - Undefined Weak Reference
    __cpp_initialize__aeabi_                  - Undefined Weak Reference
    __cxa_finalize                            - Undefined Weak Reference
    __decompress                              - Undefined Weak Reference
    _clock_init                               - Undefined Weak Reference
    _microlib_exit                            - Undefined Weak Reference
    __Vectors_Size                           0x000000ec   Number         0  startup_stm32f103xb.o ABSOLUTE
    __Vectors                                0x08000000   Data           4  startup_stm32f103xb.o(RESET)
    __Vectors_End                            0x080000ec   Data           0  startup_stm32f103xb.o(RESET)
    __main                                   0x080000ed   Thumb Code     0  entry.o(.ARM.Collect$$$$00000000)
    _main_stk                                0x080000ed   Thumb Code     0  entry2.o(.ARM.Collect$$$$00000001)
    _main_scatterload                        0x080000f1   Thumb Code     0  entry5.o(.ARM.Collect$$$$00000004)
    __main_after_scatterload                 0x080000f5   Thumb Code     0  entry5.o(.ARM.Collect$$$$00000004)
    _main_clock                              0x080000f5   Thumb Code     0  entry7b.o(.ARM.Collect$$$$00000008)
    _main_cpp_init                           0x080000f5   Thumb Code     0  entry8b.o(.ARM.Collect$$$$0000000A)
    _main_init                               0x080000f5   Thumb Code     0  entry9a.o(.ARM.Collect$$$$0000000B)
    __rt_lib_shutdown_fini                   0x080000fd   Thumb Code     0  entry12b.o(.ARM.Collect$$$$0000000E)
    __rt_final_cpp                           0x08000101   Thumb Code     0  entry10a.o(.ARM.Collect$$$$0000000F)
    __rt_final_exit                          0x08000101   Thumb Code     0  entry11a.o(.ARM.Collect$$$$00000011)
    Reset_Handler                            0x08000105   Thumb Code     8  startup_stm32f103xb.o(.text)
    CAN1_RX1_IRQHandler                      0x0800011f   Thumb Code     0  startup_stm32f103xb.o(.text)
    CAN1_SCE_IRQHandler                      0x0800011f   Thumb Code     0  startup_stm32f103xb.o(.text)
    DMA1_Channel2_IRQHandler                 0x0800011f   Thumb Code     0  startup_stm32f103xb.o(.text)
    DMA1_Channel3_IRQHandler                 0x0800011f   Thumb Code     0  startup_stm32f103xb.o(.text)
    DMA1_Channel4_IRQHandler                 0x0800011f   Thumb Code     0  startup_stm32f103xb.o(.text)
    DMA1_Channel5_IRQHandler                 0x0800011f   Thumb Code     0  startup_stm32f103xb.o(.text)
    DMA1_Channel7_IRQHandler                 0x0800011f   Thumb Code     0  startup_stm32f103xb.o(.text)
    EXTI15_10_IRQHandler                     0x0800011f   Thumb Code     0  startup_stm32f103xb.o(.text)
    EXTI1_IRQHandler                         0x0800011f   Thumb Code     0  startup_stm32f103xb.o(.text)
    EXTI2_IRQHandler                         0x0800011f   Thumb Code     0  startup_stm32f103xb.o(.text)
    EXTI3_IRQHandler                         0x0800011f   Thumb Code     0  startup_stm32f103xb.o(.text)
    EXTI4_IRQHandler                         0x0800011f   Thumb Code     0  startup_stm32f103xb.o(.text)
    EXTI9_5_IRQHandler                       0x0800011f   Thumb Code     0  startup_stm32f103xb.o(.text)
    FLASH_IRQHandler                         0x0800011f   Thumb Code     0  startup_stm32f103xb.o(.text)
    I2C1_ER_IRQHandler                       0x0800011f   Thumb Code     0  startup_stm32f103xb.o(.text)
    I2C1_EV_IRQHandler                       0x0800011f   Thumb Code     0  startup_stm32f103xb.o(.text)
    I2C2_ER_IRQHandler                       0x0800011f   Thumb Code     0  startup_stm32f103xb.o(.text)
    I2C2_EV_IRQHandler                       0x0800011f   Thumb Code     0  startup_stm32f103xb.o(.text)
    PVD_IRQHandler                           0x0800011f   Thumb Code     0  startup_stm32f103xb.o(.text)
    RCC_IRQHandler                           0x0800011f   Thumb Code     0  startup_stm32f103xb.o(.text)
    RTC_Alarm_IRQHandler                     0x0800011f   Thumb Code     0  startup_stm32f103xb.o(.text)
    RTC_IRQHandler                           0x0800011f   Thumb Code     0  startup_stm32f103xb.o(.text)
    SPI1_IRQHandler                          0x0800011f   Thumb Code     0  startup_stm32f103xb.o(.text)
    SPI2_IRQHandler                          0x0800011f   Thumb Code     0  startup_stm32f103xb.o(.text)
    TAMPER_IRQHandler                        0x0800011f   Thumb Code     0  startup_stm32f103xb.o(.text)
    TIM1_BRK_IRQHandler                      0x0800011f   Thumb Code     0  startup_stm32f103xb.o(.text)
    TIM1_CC_IRQHandler                       0x0800011f   Thumb Code     0  startup_stm32f103xb.o(.text)
    TIM1_TRG_COM_IRQHandler                  0x0800011f   Thumb Code     0  startup_stm32f103xb.o(.text)
    TIM1_UP_IRQHandler                       0x0800011f   Thumb Code     0  startup_stm32f103xb.o(.text)
    TIM2_IRQHandler                          0x0800011f   Thumb Code     0  startup_stm32f103xb.o(.text)
    TIM3_IRQHandler                          0x0800011f   Thumb Code     0  startup_stm32f103xb.o(.text)
    TIM4_IRQHandler                          0x0800011f   Thumb Code     0  startup_stm32f103xb.o(.text)
    USART2_IRQHandler                        0x0800011f   Thumb Code     0  startup_stm32f103xb.o(.text)
    USART3_IRQHandler                        0x0800011f   Thumb Code     0  startup_stm32f103xb.o(.text)
    USBWakeUp_IRQHandler                     0x0800011f   Thumb Code     0  startup_stm32f103xb.o(.text)
    USB_HP_CAN1_TX_IRQHandler                0x0800011f   Thumb Code     0  startup_stm32f103xb.o(.text)
    USB_LP_CAN1_RX0_IRQHandler               0x0800011f   Thumb Code     0  startup_stm32f103xb.o(.text)
    WWDG_IRQHandler                          0x0800011f   Thumb Code     0  startup_stm32f103xb.o(.text)
    __aeabi_memset                           0x08000129   Thumb Code    14  memseta.o(.text)
    __aeabi_memset4                          0x08000129   Thumb Code     0  memseta.o(.text)
    __aeabi_memset8                          0x08000129   Thumb Code     0  memseta.o(.text)
    __aeabi_memclr                           0x08000137   Thumb Code     4  memseta.o(.text)
    __aeabi_memclr4                          0x08000137   Thumb Code     0  memseta.o(.text)
    __aeabi_memclr8                          0x08000137   Thumb Code     0  memseta.o(.text)
    _memset$wrapper                          0x0800013b   Thumb Code    18  memseta.o(.text)
    __aeabi_fadd                             0x0800014d   Thumb Code   164  fadd.o(.text)
    __aeabi_fsub                             0x080001f1   Thumb Code     6  fadd.o(.text)
    __aeabi_frsub                            0x080001f7   Thumb Code     6  fadd.o(.text)
    __aeabi_fmul                             0x080001fd   Thumb Code   100  fmul.o(.text)
    __aeabi_fdiv                             0x08000261   Thumb Code   124  fdiv.o(.text)
    __ARM_scalbnf                            0x080002dd   Thumb Code    24  fscalb.o(.text)
    scalbnf                                  0x080002dd   Thumb Code     0  fscalb.o(.text)
    __aeabi_i2f                              0x080002f5   Thumb Code    18  fflti.o(.text)
    __aeabi_ui2f                             0x08000307   Thumb Code    10  ffltui.o(.text)
    __aeabi_f2iz                             0x08000311   Thumb Code    50  ffixi.o(.text)
    __aeabi_f2uiz                            0x08000343   Thumb Code    40  ffixui.o(.text)
    __I$use$fp                               0x0800036b   Thumb Code     0  iusefp.o(.text)
    _float_round                             0x0800036b   Thumb Code    18  fepilogue.o(.text)
    _float_epilogue                          0x0800037d   Thumb Code    92  fepilogue.o(.text)
    _frnd                                    0x080003d9   Thumb Code    60  frnd.o(.text)
    __scatterload                            0x08000415   Thumb Code    28  init.o(.text)
    __scatterload_rt2                        0x08000415   Thumb Code     0  init.o(.text)
    ADC1_2_IRQHandler                        0x08000439   Thumb Code     6  stm32f1xx_it.o(i.ADC1_2_IRQHandler)
    ADC_ConversionStop_Disable               0x08000445   Thumb Code    86  stm32f1xx_hal_adc.o(i.ADC_ConversionStop_Disable)
    ADC_DMAConvCplt                          0x0800049b   Thumb Code    78  stm32f1xx_hal_adc.o(i.ADC_DMAConvCplt)
    ADC_DMAError                             0x080004e9   Thumb Code    26  stm32f1xx_hal_adc.o(i.ADC_DMAError)
    ADC_DMAHalfConvCplt                      0x08000503   Thumb Code    10  stm32f1xx_hal_adc.o(i.ADC_DMAHalfConvCplt)
    ADC_Enable                               0x0800050d   Thumb Code   114  stm32f1xx_hal_adc.o(i.ADC_Enable)
    App_Init                                 0x080005d5   Thumb Code   414  app.o(i.App_Init)
    App_Run                                  0x08000881   Thumb Code   748  app.o(i.App_Run)
    Beep_Beep                                0x08000c4d   Thumb Code    22  beep.o(i.Beep_Beep)
    Beep_Off                                 0x08000c65   Thumb Code    22  beep.o(i.Beep_Off)
    Beep_On                                  0x08000c85   Thumb Code    10  beep.o(i.Beep_On)
    Beep_StartTimed                          0x08000c95   Thumb Code    24  beep.o(i.Beep_StartTimed)
    Beep_Update                              0x08000cb1   Thumb Code    30  beep.o(i.Beep_Update)
    BusFault_Handler                         0x08000cd5   Thumb Code     2  stm32f1xx_it.o(i.BusFault_Handler)
    DMA1_Channel1_IRQHandler                 0x08000cd9   Thumb Code     6  stm32f1xx_it.o(i.DMA1_Channel1_IRQHandler)
    DMA1_Channel6_IRQHandler                 0x08000ce5   Thumb Code     6  stm32f1xx_it.o(i.DMA1_Channel6_IRQHandler)
    DS18B20_Init                             0x08000d1d   Thumb Code    68  ds18b20.o(i.DS18B20_Init)
    DS18B20_ReadByte                         0x08000f9d   Thumb Code    92  ds18b20.o(i.DS18B20_ReadByte)
    DS18B20_ReadTemp                         0x08000ffd   Thumb Code    56  ds18b20.o(i.DS18B20_ReadTemp)
    DS18B20_Reset                            0x08001039   Thumb Code   120  ds18b20.o(i.DS18B20_Reset)
    DS18B20_WriteByte                        0x080010b5   Thumb Code    88  ds18b20.o(i.DS18B20_WriteByte)
    DataProtocol_Init                        0x08001111   Thumb Code     2  data_protocol.o(i.DataProtocol_Init)
    DataProtocol_SendData                    0x08001115   Thumb Code   322  data_protocol.o(i.DataProtocol_SendData)
    DataProtocol_SetTemperature              0x080012a1   Thumb Code     6  data_protocol.o(i.DataProtocol_SetTemperature)
    DataProtocol_UpdateAndSend               0x080012ad   Thumb Code    50  data_protocol.o(i.DataProtocol_UpdateAndSend)
    DebugMon_Handler                         0x080012e9   Thumb Code     2  stm32f1xx_it.o(i.DebugMon_Handler)
    EXTI0_IRQHandler                         0x08001361   Thumb Code     6  stm32f1xx_it.o(i.EXTI0_IRQHandler)
    Error_Handler                            0x08001367   Thumb Code     4  main.o(i.Error_Handler)
    GUANGZHAO_GetLightLevel                  0x0800136b   Thumb Code    54  guangzhao.o(i.GUANGZHAO_GetLightLevel)
    GUANGZHAO_GetRawValue                    0x080013a1   Thumb Code    36  guangzhao.o(i.GUANGZHAO_GetRawValue)
    GUANGZHAO_GetVoltage                     0x080013cd   Thumb Code    28  guangzhao.o(i.GUANGZHAO_GetVoltage)
    GUANGZHAO_Init                           0x080013ed   Thumb Code    10  guangzhao.o(i.GUANGZHAO_Init)
    HAL_ADCEx_InjectedConvCpltCallback       0x08001401   Thumb Code     2  stm32f1xx_hal_adc_ex.o(i.HAL_ADCEx_InjectedConvCpltCallback)
    HAL_ADC_ConfigChannel                    0x08001405   Thumb Code   240  stm32f1xx_hal_adc.o(i.HAL_ADC_ConfigChannel)
    HAL_ADC_ConvCpltCallback                 0x08001501   Thumb Code     2  stm32f1xx_hal_adc.o(i.HAL_ADC_ConvCpltCallback)
    HAL_ADC_ConvHalfCpltCallback             0x08001503   Thumb Code     2  stm32f1xx_hal_adc.o(i.HAL_ADC_ConvHalfCpltCallback)
    HAL_ADC_ErrorCallback                    0x08001505   Thumb Code     2  stm32f1xx_hal_adc.o(i.HAL_ADC_ErrorCallback)
    HAL_ADC_IRQHandler                       0x08001507   Thumb Code   220  stm32f1xx_hal_adc.o(i.HAL_ADC_IRQHandler)
    HAL_ADC_Init                             0x080015e5   Thumb Code   272  stm32f1xx_hal_adc.o(i.HAL_ADC_Init)
    HAL_ADC_LevelOutOfWindowCallback         0x08001701   Thumb Code     2  stm32f1xx_hal_adc.o(i.HAL_ADC_LevelOutOfWindowCallback)
    HAL_ADC_MspInit                          0x08001705   Thumb Code   138  adc.o(i.HAL_ADC_MspInit)
    HAL_ADC_Start_DMA                        0x080017a5   Thumb Code   246  stm32f1xx_hal_adc.o(i.HAL_ADC_Start_DMA)
    HAL_DMA_Abort                            0x080018b1   Thumb Code    70  stm32f1xx_hal_dma.o(i.HAL_DMA_Abort)
    HAL_DMA_Abort_IT                         0x080018f9   Thumb Code   148  stm32f1xx_hal_dma.o(i.HAL_DMA_Abort_IT)
    HAL_DMA_IRQHandler                       0x08001991   Thumb Code   316  stm32f1xx_hal_dma.o(i.HAL_DMA_IRQHandler)
    HAL_DMA_Init                             0x08001ae5   Thumb Code    84  stm32f1xx_hal_dma.o(i.HAL_DMA_Init)
    HAL_DMA_Start_IT                         0x08001b41   Thumb Code   112  stm32f1xx_hal_dma.o(i.HAL_DMA_Start_IT)
    HAL_Delay                                0x08001bb1   Thumb Code    32  stm32f1xx_hal.o(i.HAL_Delay)
    HAL_GPIO_EXTI_Callback                   0x08001bd5   Thumb Code     2  gpio.o(i.HAL_GPIO_EXTI_Callback)
    HAL_GPIO_EXTI_IRQHandler                 0x08001bd9   Thumb Code    18  stm32f1xx_hal_gpio.o(i.HAL_GPIO_EXTI_IRQHandler)
    HAL_GPIO_Init                            0x08001bf1   Thumb Code   446  stm32f1xx_hal_gpio.o(i.HAL_GPIO_Init)
    HAL_GPIO_ReadPin                         0x08001dd1   Thumb Code    10  stm32f1xx_hal_gpio.o(i.HAL_GPIO_ReadPin)
    HAL_GPIO_WritePin                        0x08001ddb   Thumb Code    10  stm32f1xx_hal_gpio.o(i.HAL_GPIO_WritePin)
    HAL_GetTick                              0x08001de5   Thumb Code     6  stm32f1xx_hal.o(i.HAL_GetTick)
    HAL_I2C_Init                             0x08001df1   Thumb Code   376  stm32f1xx_hal_i2c.o(i.HAL_I2C_Init)
    HAL_I2C_Master_Receive                   0x08001f79   Thumb Code   576  stm32f1xx_hal_i2c.o(i.HAL_I2C_Master_Receive)
    HAL_I2C_Master_Transmit                  0x080021c9   Thumb Code   290  stm32f1xx_hal_i2c.o(i.HAL_I2C_Master_Transmit)
    HAL_I2C_MspInit                          0x080022f5   Thumb Code    82  i2c.o(i.HAL_I2C_MspInit)
    HAL_IWDG_Init                            0x08002355   Thumb Code    94  stm32f1xx_hal_iwdg.o(i.HAL_IWDG_Init)
    HAL_IWDG_Refresh                         0x080023b3   Thumb Code    12  stm32f1xx_hal_iwdg.o(i.HAL_IWDG_Refresh)
    HAL_IncTick                              0x080023c1   Thumb Code    12  stm32f1xx_hal.o(i.HAL_IncTick)
    HAL_Init                                 0x080023d1   Thumb Code    32  stm32f1xx_hal.o(i.HAL_Init)
    HAL_InitTick                             0x080023f5   Thumb Code    54  stm32f1xx_hal.o(i.HAL_InitTick)
    HAL_MspInit                              0x08002435   Thumb Code    52  stm32f1xx_hal_msp.o(i.HAL_MspInit)
    HAL_NVIC_EnableIRQ                       0x08002471   Thumb Code    26  stm32f1xx_hal_cortex.o(i.HAL_NVIC_EnableIRQ)
    HAL_NVIC_SetPriority                     0x0800248d   Thumb Code    60  stm32f1xx_hal_cortex.o(i.HAL_NVIC_SetPriority)
    HAL_NVIC_SetPriorityGrouping             0x080024cd   Thumb Code    26  stm32f1xx_hal_cortex.o(i.HAL_NVIC_SetPriorityGrouping)
    HAL_RCCEx_PeriphCLKConfig                0x080024f1   Thumb Code   224  stm32f1xx_hal_rcc_ex.o(i.HAL_RCCEx_PeriphCLKConfig)
    HAL_RCC_ClockConfig                      0x080025dd   Thumb Code   280  stm32f1xx_hal_rcc.o(i.HAL_RCC_ClockConfig)
    HAL_RCC_GetPCLK1Freq                     0x08002709   Thumb Code    20  stm32f1xx_hal_rcc.o(i.HAL_RCC_GetPCLK1Freq)
    HAL_RCC_GetPCLK2Freq                     0x08002729   Thumb Code    20  stm32f1xx_hal_rcc.o(i.HAL_RCC_GetPCLK2Freq)
    HAL_RCC_GetSysClockFreq                  0x08002749   Thumb Code    58  stm32f1xx_hal_rcc.o(i.HAL_RCC_GetSysClockFreq)
    HAL_RCC_OscConfig                        0x08002795   Thumb Code   778  stm32f1xx_hal_rcc.o(i.HAL_RCC_OscConfig)
    HAL_SYSTICK_Config                       0x08002ab5   Thumb Code    40  stm32f1xx_hal_cortex.o(i.HAL_SYSTICK_Config)
    HAL_TIMEx_MasterConfigSynchronization    0x08002add   Thumb Code    92  stm32f1xx_hal_tim_ex.o(i.HAL_TIMEx_MasterConfigSynchronization)
    HAL_TIM_Base_Init                        0x08002b45   Thumb Code    90  stm32f1xx_hal_tim.o(i.HAL_TIM_Base_Init)
    HAL_TIM_Base_MspInit                     0x08002ba1   Thumb Code   106  tim.o(i.HAL_TIM_Base_MspInit)
    HAL_TIM_Base_Start                       0x08002c21   Thumb Code    66  stm32f1xx_hal_tim.o(i.HAL_TIM_Base_Start)
    HAL_TIM_Base_Stop                        0x08002c71   Thumb Code    38  stm32f1xx_hal_tim.o(i.HAL_TIM_Base_Stop)
    HAL_TIM_ConfigClockSource                0x08002c97   Thumb Code   220  stm32f1xx_hal_tim.o(i.HAL_TIM_ConfigClockSource)
    HAL_TIM_ErrorCallback                    0x08002d73   Thumb Code     2  stm32f1xx_hal_tim.o(i.HAL_TIM_ErrorCallback)
    HAL_TIM_MspPostInit                      0x08002d75   Thumb Code    62  tim.o(i.HAL_TIM_MspPostInit)
    HAL_TIM_PWM_ConfigChannel                0x08002dc1   Thumb Code   204  stm32f1xx_hal_tim.o(i.HAL_TIM_PWM_ConfigChannel)
    HAL_TIM_PWM_Init                         0x08002e8d   Thumb Code    90  stm32f1xx_hal_tim.o(i.HAL_TIM_PWM_Init)
    HAL_TIM_PWM_MspInit                      0x08002ee7   Thumb Code     2  stm32f1xx_hal_tim.o(i.HAL_TIM_PWM_MspInit)
    HAL_TIM_PWM_PulseFinishedCallback        0x08002ee9   Thumb Code    16  ws2812b.o(i.HAL_TIM_PWM_PulseFinishedCallback)
    HAL_TIM_PWM_PulseFinishedHalfCpltCallback 0x08002efd   Thumb Code     2  stm32f1xx_hal_tim.o(i.HAL_TIM_PWM_PulseFinishedHalfCpltCallback)
    HAL_TIM_PWM_Start_DMA                    0x08002f01   Thumb Code   378  stm32f1xx_hal_tim.o(i.HAL_TIM_PWM_Start_DMA)
    HAL_TIM_PWM_Stop_DMA                     0x08003095   Thumb Code   190  stm32f1xx_hal_tim.o(i.HAL_TIM_PWM_Stop_DMA)
    HAL_UARTEx_RxEventCallback               0x08003159   Thumb Code     2  stm32f1xx_hal_uart.o(i.HAL_UARTEx_RxEventCallback)
    HAL_UART_ErrorCallback                   0x0800315b   Thumb Code     2  stm32f1xx_hal_uart.o(i.HAL_UART_ErrorCallback)
    HAL_UART_IRQHandler                      0x0800315d   Thumb Code   616  stm32f1xx_hal_uart.o(i.HAL_UART_IRQHandler)
    HAL_UART_Init                            0x080033c9   Thumb Code   100  stm32f1xx_hal_uart.o(i.HAL_UART_Init)
    HAL_UART_MspInit                         0x0800342d   Thumb Code   116  usart.o(i.HAL_UART_MspInit)
    HAL_UART_RxCpltCallback                  0x080034ad   Thumb Code     2  stm32f1xx_hal_uart.o(i.HAL_UART_RxCpltCallback)
    HAL_UART_Transmit                        0x080034af   Thumb Code   160  stm32f1xx_hal_uart.o(i.HAL_UART_Transmit)
    HAL_UART_TxCpltCallback                  0x08003551   Thumb Code    16  usart.o(i.HAL_UART_TxCpltCallback)
    HardFault_Handler                        0x0800357d   Thumb Code     2  stm32f1xx_it.o(i.HardFault_Handler)
    Key_GetState                             0x080039a1   Thumb Code    54  key.o(i.Key_GetState)
    Key_Init                                 0x080039e1   Thumb Code    90  key.o(i.Key_Init)
    MAX30100_GetHeartRate                    0x08003a49   Thumb Code   304  max30100.o(i.MAX30100_GetHeartRate)
    MAX30100_GetSpO2                         0x08003b89   Thumb Code   280  max30100.o(i.MAX30100_GetSpO2)
    MAX30100_Init                            0x08003cb5   Thumb Code   154  max30100.o(i.MAX30100_Init)
    MAX30100_ReadFIFO                        0x08003d65   Thumb Code   122  max30100.o(i.MAX30100_ReadFIFO)
    MAX30100_Reset                           0x08003ded   Thumb Code     8  max30100.o(i.MAX30100_Reset)
    MX_ADC1_Init                             0x08003e19   Thumb Code    70  adc.o(i.MX_ADC1_Init)
    MX_DMA_Init                              0x08003e69   Thumb Code    56  dma.o(i.MX_DMA_Init)
    MX_GPIO_Init                             0x08003ea5   Thumb Code   316  gpio.o(i.MX_GPIO_Init)
    MX_I2C2_Init                             0x08003ff5   Thumb Code    50  i2c.o(i.MX_I2C2_Init)
    MX_IWDG_Init                             0x08004035   Thumb Code    36  iwdg.o(i.MX_IWDG_Init)
    MX_TIM1_Init                             0x08004061   Thumb Code    96  tim.o(i.MX_TIM1_Init)
    MX_TIM3_Init                             0x080040c9   Thumb Code   140  tim.o(i.MX_TIM3_Init)
    MX_USART1_UART_Init                      0x0800415d   Thumb Code    48  usart.o(i.MX_USART1_UART_Init)
    MemManage_Handler                        0x08004195   Thumb Code     2  stm32f1xx_it.o(i.MemManage_Handler)
    NMI_Handler                              0x08004197   Thumb Code     2  stm32f1xx_it.o(i.NMI_Handler)
    OLED_Clear                               0x08004199   Thumb Code    38  oled.o(i.OLED_Clear)
    OLED_I2C_Init                            0x080041c1   Thumb Code    32  oled.o(i.OLED_I2C_Init)
    OLED_I2C_SendByte                        0x080041e5   Thumb Code    78  oled.o(i.OLED_I2C_SendByte)
    OLED_I2C_Start                           0x08004239   Thumb Code    48  oled.o(i.OLED_I2C_Start)
    OLED_I2C_Stop                            0x0800426d   Thumb Code    38  oled.o(i.OLED_I2C_Stop)
    OLED_Init                                0x08004299   Thumb Code   172  oled.o(i.OLED_Init)
    OLED_Pow                                 0x08004345   Thumb Code    14  oled.o(i.OLED_Pow)
    OLED_SetCursor                           0x08004353   Thumb Code    34  oled.o(i.OLED_SetCursor)
    OLED_ShowChar                            0x08004375   Thumb Code    98  oled.o(i.OLED_ShowChar)
    OLED_ShowNum                             0x080043dd   Thumb Code    66  oled.o(i.OLED_ShowNum)
    OLED_ShowString                          0x0800441f   Thumb Code    38  oled.o(i.OLED_ShowString)
    OLED_WriteCommand                        0x08004445   Thumb Code    34  oled.o(i.OLED_WriteCommand)
    OLED_WriteData                           0x08004467   Thumb Code    34  oled.o(i.OLED_WriteData)
    PendSV_Handler                           0x08004489   Thumb Code     2  stm32f1xx_it.o(i.PendSV_Handler)
    RGB_BLACK_All                            0x0800448b   Thumb Code    26  ws2812b.o(i.RGB_BLACK_All)
    SVC_Handler                              0x0800458d   Thumb Code     2  stm32f1xx_it.o(i.SVC_Handler)
    SysTick_Handler                          0x0800458f   Thumb Code     4  stm32f1xx_it.o(i.SysTick_Handler)
    SystemClock_Config                       0x08004593   Thumb Code   128  main.o(i.SystemClock_Config)
    SystemInit                               0x08004613   Thumb Code     2  system_stm32f1xx.o(i.SystemInit)
    TIM_Base_SetConfig                       0x08004615   Thumb Code   108  stm32f1xx_hal_tim.o(i.TIM_Base_SetConfig)
    TIM_CCxChannelCmd                        0x0800468d   Thumb Code    26  stm32f1xx_hal_tim.o(i.TIM_CCxChannelCmd)
    TIM_DMADelayPulseHalfCplt                0x08004705   Thumb Code    56  stm32f1xx_hal_tim.o(i.TIM_DMADelayPulseHalfCplt)
    TIM_DMAError                             0x0800473d   Thumb Code    84  stm32f1xx_hal_tim.o(i.TIM_DMAError)
    TIM_ETR_SetConfig                        0x08004791   Thumb Code    20  stm32f1xx_hal_tim.o(i.TIM_ETR_SetConfig)
    TIM_OC2_SetConfig                        0x08004805   Thumb Code    84  stm32f1xx_hal_tim.o(i.TIM_OC2_SetConfig)
    USART1_IRQHandler                        0x08004b8d   Thumb Code     6  stm32f1xx_it.o(i.USART1_IRQHandler)
    UsageFault_Handler                       0x08004b99   Thumb Code     2  stm32f1xx_it.o(i.UsageFault_Handler)
    __0printf$bare                           0x08004b9d   Thumb Code     8  printfb.o(i.__0printf$bare)
    __1printf$bare                           0x08004b9d   Thumb Code     0  printfb.o(i.__0printf$bare)
    __2printf                                0x08004b9d   Thumb Code     0  printfb.o(i.__0printf$bare)
    __ARM_fpclassifyf                        0x08004bad   Thumb Code    38  fpclassifyf.o(i.__ARM_fpclassifyf)
    __mathlib_flt_infnan                     0x08004bf3   Thumb Code     6  funder.o(i.__mathlib_flt_infnan)
    __mathlib_flt_invalid                    0x08004bf9   Thumb Code     8  funder.o(i.__mathlib_flt_invalid)
    __mathlib_flt_underflow                  0x08004c01   Thumb Code    10  funder.o(i.__mathlib_flt_underflow)
    __mathlib_rredf2                         0x08004c0d   Thumb Code   344  rredf.o(i.__mathlib_rredf2)
    __scatterload_copy                       0x08004d75   Thumb Code    14  handlers.o(i.__scatterload_copy)
    __scatterload_null                       0x08004d83   Thumb Code     2  handlers.o(i.__scatterload_null)
    __scatterload_zeroinit                   0x08004d85   Thumb Code    14  handlers.o(i.__scatterload_zeroinit)
    __set_errno                              0x08004d95   Thumb Code     6  errno.o(i.__set_errno)
    delay_us                                 0x08004e9d   Thumb Code    36  ds18b20.o(i.delay_us)
    fputc                                    0x08004ec5   Thumb Code    20  usart.o(i.fputc)
    main                                     0x08004f2d   Thumb Code    66  main.o(i.main)
    set_ws2812_color                         0x08004f75   Thumb Code    58  ws2812b.o(i.set_ws2812_color)
    sinf                                     0x08004fb5   Thumb Code   338  sinf.o(i.sinf)
    ws2812_adc_driven_update                 0x0800513d   Thumb Code   208  ws2812_effects.o(i.ws2812_adc_driven_update)
    ws2812_demo_start                        0x08005221   Thumb Code    22  ws2812_effects.o(i.ws2812_demo_start)
    ws2812_demo_update                       0x0800523d   Thumb Code   418  ws2812_effects.o(i.ws2812_demo_update)
    ws2812_update_display                    0x080053e9   Thumb Code    12  ws2812b.o(i.ws2812_update_display)
    AHBPrescTable                            0x0800540e   Data          16  system_stm32f1xx.o(.constdata)
    APBPrescTable                            0x0800541e   Data           8  system_stm32f1xx.o(.constdata)
    OLED_F8x16                               0x08005426   Data        1520  oled.o(.constdata)
    Region$$Table$$Base                      0x08005b60   Number         0  anon$$obj.o(Region$$Table)
    Region$$Table$$Limit                     0x08005b80   Number         0  anon$$obj.o(Region$$Table)
    uwTickFreq                               0x20000000   Data           1  stm32f1xx_hal.o(.data)
    uwTickPrio                               0x20000004   Data           4  stm32f1xx_hal.o(.data)
    uwTick                                   0x20000008   Data           4  stm32f1xx_hal.o(.data)
    SystemCoreClock                          0x2000000c   Data           4  system_stm32f1xx.o(.data)
    __stdout                                 0x2000008c   Data           4  stdout.o(.data)
    hadc1                                    0x20000094   Data          48  adc.o(.bss)
    hdma_adc1                                0x200000c4   Data          68  adc.o(.bss)
    hi2c2                                    0x20000108   Data          84  i2c.o(.bss)
    hiwdg                                    0x2000015c   Data          12  iwdg.o(.bss)
    htim1                                    0x20000168   Data          72  tim.o(.bss)
    htim3                                    0x200001b0   Data          72  tim.o(.bss)
    hdma_tim3_ch1_trig                       0x200001f8   Data          68  tim.o(.bss)
    huart1                                   0x2000023c   Data          72  usart.o(.bss)
    RGB_Buf                                  0x2000065c   Data         192  ws2812b.o(.bss)
    __initial_sp                             0x20000bb0   Data           0  startup_stm32f103xb.o(STACK)



==============================================================================

Memory Map of the image

  Image Entry point : 0x080000ed

  Load Region LR_IROM1 (Base: 0x08000000, Size: 0x00005c14, Max: 0x00010000, ABSOLUTE)

    Execution Region ER_IROM1 (Exec base: 0x08000000, Load base: 0x08000000, Size: 0x00005b80, Max: 0x00010000, ABSOLUTE)

    Exec Addr    Load Addr    Size         Type   Attr      Idx    E Section Name        Object

    0x08000000   0x08000000   0x000000ec   Data   RO            3    RESET               startup_stm32f103xb.o
    0x080000ec   0x080000ec   0x00000000   Code   RO         4522  * .ARM.Collect$$$$00000000  mc_w.l(entry.o)
    0x080000ec   0x080000ec   0x00000004   Code   RO         4824    .ARM.Collect$$$$00000001  mc_w.l(entry2.o)
    0x080000f0   0x080000f0   0x00000004   Code   RO         4827    .ARM.Collect$$$$00000004  mc_w.l(entry5.o)
    0x080000f4   0x080000f4   0x00000000   Code   RO         4829    .ARM.Collect$$$$00000008  mc_w.l(entry7b.o)
    0x080000f4   0x080000f4   0x00000000   Code   RO         4831    .ARM.Collect$$$$0000000A  mc_w.l(entry8b.o)
    0x080000f4   0x080000f4   0x00000008   Code   RO         4832    .ARM.Collect$$$$0000000B  mc_w.l(entry9a.o)
    0x080000fc   0x080000fc   0x00000004   Code   RO         4839    .ARM.Collect$$$$0000000E  mc_w.l(entry12b.o)
    0x08000100   0x08000100   0x00000000   Code   RO         4834    .ARM.Collect$$$$0000000F  mc_w.l(entry10a.o)
    0x08000100   0x08000100   0x00000000   Code   RO         4836    .ARM.Collect$$$$00000011  mc_w.l(entry11a.o)
    0x08000100   0x08000100   0x00000004   Code   RO         4825    .ARM.Collect$$$$00002712  mc_w.l(entry2.o)
    0x08000104   0x08000104   0x00000024   Code   RO            4    .text               startup_stm32f103xb.o
    0x08000128   0x08000128   0x00000024   Code   RO         4527    .text               mc_w.l(memseta.o)
    0x0800014c   0x0800014c   0x000000b0   Code   RO         4789    .text               mf_w.l(fadd.o)
    0x080001fc   0x080001fc   0x00000064   Code   RO         4791    .text               mf_w.l(fmul.o)
    0x08000260   0x08000260   0x0000007c   Code   RO         4793    .text               mf_w.l(fdiv.o)
    0x080002dc   0x080002dc   0x00000018   Code   RO         4795    .text               mf_w.l(fscalb.o)
    0x080002f4   0x080002f4   0x00000012   Code   RO         4797    .text               mf_w.l(fflti.o)
    0x08000306   0x08000306   0x0000000a   Code   RO         4799    .text               mf_w.l(ffltui.o)
    0x08000310   0x08000310   0x00000032   Code   RO         4801    .text               mf_w.l(ffixi.o)
    0x08000342   0x08000342   0x00000028   Code   RO         4803    .text               mf_w.l(ffixui.o)
    0x0800036a   0x0800036a   0x00000000   Code   RO         4852    .text               mc_w.l(iusefp.o)
    0x0800036a   0x0800036a   0x0000006e   Code   RO         4853    .text               mf_w.l(fepilogue.o)
    0x080003d8   0x080003d8   0x0000003c   Code   RO         4855    .text               mf_w.l(frnd.o)
    0x08000414   0x08000414   0x00000024   Code   RO         4867    .text               mc_w.l(init.o)
    0x08000438   0x08000438   0x0000000c   Code   RO          578    i.ADC1_2_IRQHandler  stm32f1xx_it.o
    0x08000444   0x08000444   0x00000056   Code   RO          744    i.ADC_ConversionStop_Disable  stm32f1xx_hal_adc.o
    0x0800049a   0x0800049a   0x0000004e   Code   RO          745    i.ADC_DMAConvCplt   stm32f1xx_hal_adc.o
    0x080004e8   0x080004e8   0x0000001a   Code   RO          746    i.ADC_DMAError      stm32f1xx_hal_adc.o
    0x08000502   0x08000502   0x0000000a   Code   RO          747    i.ADC_DMAHalfConvCplt  stm32f1xx_hal_adc.o
    0x0800050c   0x0800050c   0x0000007c   Code   RO          748    i.ADC_Enable        stm32f1xx_hal_adc.o
    0x08000588   0x08000588   0x0000004c   Code   RO         4046    i.Alarm_Process     app.o
    0x080005d4   0x080005d4   0x000002ac   Code   RO         4047    i.App_Init          app.o
    0x08000880   0x08000880   0x000003cc   Code   RO         4048    i.App_Run           app.o
    0x08000c4c   0x08000c4c   0x00000016   Code   RO         3955    i.Beep_Beep         beep.o
    0x08000c62   0x08000c62   0x00000002   PAD
    0x08000c64   0x08000c64   0x00000020   Code   RO         3956    i.Beep_Off          beep.o
    0x08000c84   0x08000c84   0x00000010   Code   RO         3957    i.Beep_On           beep.o
    0x08000c94   0x08000c94   0x0000001c   Code   RO         3958    i.Beep_StartTimed   beep.o
    0x08000cb0   0x08000cb0   0x00000024   Code   RO         3960    i.Beep_Update       beep.o
    0x08000cd4   0x08000cd4   0x00000002   Code   RO          579    i.BusFault_Handler  stm32f1xx_it.o
    0x08000cd6   0x08000cd6   0x00000002   PAD
    0x08000cd8   0x08000cd8   0x0000000c   Code   RO          580    i.DMA1_Channel1_IRQHandler  stm32f1xx_it.o
    0x08000ce4   0x08000ce4   0x0000000c   Code   RO          581    i.DMA1_Channel6_IRQHandler  stm32f1xx_it.o
    0x08000cf0   0x08000cf0   0x0000002a   Code   RO         1400    i.DMA_SetConfig     stm32f1xx_hal_dma.o
    0x08000d1a   0x08000d1a   0x00000002   PAD
    0x08000d1c   0x08000d1c   0x0000004c   Code   RO         4211    i.DS18B20_Init      ds18b20.o
    0x08000d68   0x08000d68   0x00000234   Code   RO         4049    i.DS18B20_NonBlocking_Process  app.o
    0x08000f9c   0x08000f9c   0x00000060   Code   RO         4212    i.DS18B20_ReadByte  ds18b20.o
    0x08000ffc   0x08000ffc   0x0000003c   Code   RO         4213    i.DS18B20_ReadTemp  ds18b20.o
    0x08001038   0x08001038   0x0000007c   Code   RO         4214    i.DS18B20_Reset     ds18b20.o
    0x080010b4   0x080010b4   0x0000005c   Code   RO         4216    i.DS18B20_WriteByte  ds18b20.o
    0x08001110   0x08001110   0x00000002   Code   RO         4455    i.DataProtocol_Init  data_protocol.o
    0x08001112   0x08001112   0x00000002   PAD
    0x08001114   0x08001114   0x0000018c   Code   RO         4456    i.DataProtocol_SendData  data_protocol.o
    0x080012a0   0x080012a0   0x0000000c   Code   RO         4457    i.DataProtocol_SetTemperature  data_protocol.o
    0x080012ac   0x080012ac   0x0000003c   Code   RO         4458    i.DataProtocol_UpdateAndSend  data_protocol.o
    0x080012e8   0x080012e8   0x00000002   Code   RO          582    i.DebugMon_Handler  stm32f1xx_it.o
    0x080012ea   0x080012ea   0x00000002   PAD
    0x080012ec   0x080012ec   0x00000074   Code   RO         4050    i.Display_HR_SPO2_Mode  app.o
    0x08001360   0x08001360   0x00000006   Code   RO          583    i.EXTI0_IRQHandler  stm32f1xx_it.o
    0x08001366   0x08001366   0x00000004   Code   RO           13    i.Error_Handler     main.o
    0x0800136a   0x0800136a   0x00000036   Code   RO         4278    i.GUANGZHAO_GetLightLevel  guangzhao.o
    0x080013a0   0x080013a0   0x0000002c   Code   RO         4279    i.GUANGZHAO_GetRawValue  guangzhao.o
    0x080013cc   0x080013cc   0x00000020   Code   RO         4280    i.GUANGZHAO_GetVoltage  guangzhao.o
    0x080013ec   0x080013ec   0x00000014   Code   RO         4281    i.GUANGZHAO_Init    guangzhao.o
    0x08001400   0x08001400   0x00000002   Code   RO          926    i.HAL_ADCEx_InjectedConvCpltCallback  stm32f1xx_hal_adc_ex.o
    0x08001402   0x08001402   0x00000002   PAD
    0x08001404   0x08001404   0x000000fc   Code   RO          750    i.HAL_ADC_ConfigChannel  stm32f1xx_hal_adc.o
    0x08001500   0x08001500   0x00000002   Code   RO          751    i.HAL_ADC_ConvCpltCallback  stm32f1xx_hal_adc.o
    0x08001502   0x08001502   0x00000002   Code   RO          752    i.HAL_ADC_ConvHalfCpltCallback  stm32f1xx_hal_adc.o
    0x08001504   0x08001504   0x00000002   Code   RO          754    i.HAL_ADC_ErrorCallback  stm32f1xx_hal_adc.o
    0x08001506   0x08001506   0x000000dc   Code   RO          758    i.HAL_ADC_IRQHandler  stm32f1xx_hal_adc.o
    0x080015e2   0x080015e2   0x00000002   PAD
    0x080015e4   0x080015e4   0x0000011c   Code   RO          759    i.HAL_ADC_Init      stm32f1xx_hal_adc.o
    0x08001700   0x08001700   0x00000002   Code   RO          760    i.HAL_ADC_LevelOutOfWindowCallback  stm32f1xx_hal_adc.o
    0x08001702   0x08001702   0x00000002   PAD
    0x08001704   0x08001704   0x000000a0   Code   RO          324    i.HAL_ADC_MspInit   adc.o
    0x080017a4   0x080017a4   0x0000010c   Code   RO          766    i.HAL_ADC_Start_DMA  stm32f1xx_hal_adc.o
    0x080018b0   0x080018b0   0x00000046   Code   RO         1401    i.HAL_DMA_Abort     stm32f1xx_hal_dma.o
    0x080018f6   0x080018f6   0x00000002   PAD
    0x080018f8   0x080018f8   0x00000098   Code   RO         1402    i.HAL_DMA_Abort_IT  stm32f1xx_hal_dma.o
    0x08001990   0x08001990   0x00000154   Code   RO         1406    i.HAL_DMA_IRQHandler  stm32f1xx_hal_dma.o
    0x08001ae4   0x08001ae4   0x0000005c   Code   RO         1407    i.HAL_DMA_Init      stm32f1xx_hal_dma.o
    0x08001b40   0x08001b40   0x00000070   Code   RO         1411    i.HAL_DMA_Start_IT  stm32f1xx_hal_dma.o
    0x08001bb0   0x08001bb0   0x00000024   Code   RO         1027    i.HAL_Delay         stm32f1xx_hal.o
    0x08001bd4   0x08001bd4   0x00000002   Code   RO          191    i.HAL_GPIO_EXTI_Callback  gpio.o
    0x08001bd6   0x08001bd6   0x00000002   PAD
    0x08001bd8   0x08001bd8   0x00000018   Code   RO         1336    i.HAL_GPIO_EXTI_IRQHandler  stm32f1xx_hal_gpio.o
    0x08001bf0   0x08001bf0   0x000001e0   Code   RO         1337    i.HAL_GPIO_Init     stm32f1xx_hal_gpio.o
    0x08001dd0   0x08001dd0   0x0000000a   Code   RO         1339    i.HAL_GPIO_ReadPin  stm32f1xx_hal_gpio.o
    0x08001dda   0x08001dda   0x0000000a   Code   RO         1341    i.HAL_GPIO_WritePin  stm32f1xx_hal_gpio.o
    0x08001de4   0x08001de4   0x0000000c   Code   RO         1031    i.HAL_GetTick       stm32f1xx_hal.o
    0x08001df0   0x08001df0   0x00000188   Code   RO         2008    i.HAL_I2C_Init      stm32f1xx_hal_i2c.o
    0x08001f78   0x08001f78   0x00000250   Code   RO         2014    i.HAL_I2C_Master_Receive  stm32f1xx_hal_i2c.o
    0x080021c8   0x080021c8   0x0000012c   Code   RO         2021    i.HAL_I2C_Master_Transmit  stm32f1xx_hal_i2c.o
    0x080022f4   0x080022f4   0x00000060   Code   RO          393    i.HAL_I2C_MspInit   i2c.o
    0x08002354   0x08002354   0x0000005e   Code   RO         2434    i.HAL_IWDG_Init     stm32f1xx_hal_iwdg.o
    0x080023b2   0x080023b2   0x0000000c   Code   RO         2435    i.HAL_IWDG_Refresh  stm32f1xx_hal_iwdg.o
    0x080023be   0x080023be   0x00000002   PAD
    0x080023c0   0x080023c0   0x00000010   Code   RO         1037    i.HAL_IncTick       stm32f1xx_hal.o
    0x080023d0   0x080023d0   0x00000024   Code   RO         1038    i.HAL_Init          stm32f1xx_hal.o
    0x080023f4   0x080023f4   0x00000040   Code   RO         1039    i.HAL_InitTick      stm32f1xx_hal.o
    0x08002434   0x08002434   0x0000003c   Code   RO          684    i.HAL_MspInit       stm32f1xx_hal_msp.o
    0x08002470   0x08002470   0x0000001a   Code   RO         1497    i.HAL_NVIC_EnableIRQ  stm32f1xx_hal_cortex.o
    0x0800248a   0x0800248a   0x00000002   PAD
    0x0800248c   0x0800248c   0x00000040   Code   RO         1503    i.HAL_NVIC_SetPriority  stm32f1xx_hal_cortex.o
    0x080024cc   0x080024cc   0x00000024   Code   RO         1504    i.HAL_NVIC_SetPriorityGrouping  stm32f1xx_hal_cortex.o
    0x080024f0   0x080024f0   0x000000ec   Code   RO         1299    i.HAL_RCCEx_PeriphCLKConfig  stm32f1xx_hal_rcc_ex.o
    0x080025dc   0x080025dc   0x0000012c   Code   RO         1195    i.HAL_RCC_ClockConfig  stm32f1xx_hal_rcc.o
    0x08002708   0x08002708   0x00000020   Code   RO         1202    i.HAL_RCC_GetPCLK1Freq  stm32f1xx_hal_rcc.o
    0x08002728   0x08002728   0x00000020   Code   RO         1203    i.HAL_RCC_GetPCLK2Freq  stm32f1xx_hal_rcc.o
    0x08002748   0x08002748   0x0000004c   Code   RO         1204    i.HAL_RCC_GetSysClockFreq  stm32f1xx_hal_rcc.o
    0x08002794   0x08002794   0x00000320   Code   RO         1207    i.HAL_RCC_OscConfig  stm32f1xx_hal_rcc.o
    0x08002ab4   0x08002ab4   0x00000028   Code   RO         1508    i.HAL_SYSTICK_Config  stm32f1xx_hal_cortex.o
    0x08002adc   0x08002adc   0x00000068   Code   RO         3189    i.HAL_TIMEx_MasterConfigSynchronization  stm32f1xx_hal_tim_ex.o
    0x08002b44   0x08002b44   0x0000005a   Code   RO         2466    i.HAL_TIM_Base_Init  stm32f1xx_hal_tim.o
    0x08002b9e   0x08002b9e   0x00000002   PAD
    0x08002ba0   0x08002ba0   0x00000080   Code   RO          465    i.HAL_TIM_Base_MspInit  tim.o
    0x08002c20   0x08002c20   0x00000050   Code   RO         2469    i.HAL_TIM_Base_Start  stm32f1xx_hal_tim.o
    0x08002c70   0x08002c70   0x00000026   Code   RO         2472    i.HAL_TIM_Base_Stop  stm32f1xx_hal_tim.o
    0x08002c96   0x08002c96   0x000000dc   Code   RO         2475    i.HAL_TIM_ConfigClockSource  stm32f1xx_hal_tim.o
    0x08002d72   0x08002d72   0x00000002   Code   RO         2496    i.HAL_TIM_ErrorCallback  stm32f1xx_hal_tim.o
    0x08002d74   0x08002d74   0x0000004c   Code   RO          466    i.HAL_TIM_MspPostInit  tim.o
    0x08002dc0   0x08002dc0   0x000000cc   Code   RO         2538    i.HAL_TIM_PWM_ConfigChannel  stm32f1xx_hal_tim.o
    0x08002e8c   0x08002e8c   0x0000005a   Code   RO         2541    i.HAL_TIM_PWM_Init  stm32f1xx_hal_tim.o
    0x08002ee6   0x08002ee6   0x00000002   Code   RO         2543    i.HAL_TIM_PWM_MspInit  stm32f1xx_hal_tim.o
    0x08002ee8   0x08002ee8   0x00000014   Code   RO         4330    i.HAL_TIM_PWM_PulseFinishedCallback  ws2812b.o
    0x08002efc   0x08002efc   0x00000002   Code   RO         2545    i.HAL_TIM_PWM_PulseFinishedHalfCpltCallback  stm32f1xx_hal_tim.o
    0x08002efe   0x08002efe   0x00000002   PAD
    0x08002f00   0x08002f00   0x00000194   Code   RO         2547    i.HAL_TIM_PWM_Start_DMA  stm32f1xx_hal_tim.o
    0x08003094   0x08003094   0x000000c4   Code   RO         2550    i.HAL_TIM_PWM_Stop_DMA  stm32f1xx_hal_tim.o
    0x08003158   0x08003158   0x00000002   Code   RO         3449    i.HAL_UARTEx_RxEventCallback  stm32f1xx_hal_uart.o
    0x0800315a   0x0800315a   0x00000002   Code   RO         3463    i.HAL_UART_ErrorCallback  stm32f1xx_hal_uart.o
    0x0800315c   0x0800315c   0x0000026c   Code   RO         3466    i.HAL_UART_IRQHandler  stm32f1xx_hal_uart.o
    0x080033c8   0x080033c8   0x00000064   Code   RO         3467    i.HAL_UART_Init     stm32f1xx_hal_uart.o
    0x0800342c   0x0800342c   0x00000080   Code   RO          519    i.HAL_UART_MspInit  usart.o
    0x080034ac   0x080034ac   0x00000002   Code   RO         3473    i.HAL_UART_RxCpltCallback  stm32f1xx_hal_uart.o
    0x080034ae   0x080034ae   0x000000a0   Code   RO         3475    i.HAL_UART_Transmit  stm32f1xx_hal_uart.o
    0x0800354e   0x0800354e   0x00000002   PAD
    0x08003550   0x08003550   0x0000002c   Code   RO          520    i.HAL_UART_TxCpltCallback  usart.o
    0x0800357c   0x0800357c   0x00000002   Code   RO          584    i.HardFault_Handler  stm32f1xx_it.o
    0x0800357e   0x0800357e   0x0000002e   Code   RO         2051    i.I2C_IsAcknowledgeFailed  stm32f1xx_hal_i2c.o
    0x080035ac   0x080035ac   0x000000ec   Code   RO         2054    i.I2C_MasterRequestRead  stm32f1xx_hal_i2c.o
    0x08003698   0x08003698   0x0000009c   Code   RO         2055    i.I2C_MasterRequestWrite  stm32f1xx_hal_i2c.o
    0x08003734   0x08003734   0x00000056   Code   RO         2066    i.I2C_WaitOnBTFFlagUntilTimeout  stm32f1xx_hal_i2c.o
    0x0800378a   0x0800378a   0x00000002   PAD
    0x0800378c   0x0800378c   0x00000090   Code   RO         2067    i.I2C_WaitOnFlagUntilTimeout  stm32f1xx_hal_i2c.o
    0x0800381c   0x0800381c   0x000000bc   Code   RO         2068    i.I2C_WaitOnMasterAddressFlagUntilTimeout  stm32f1xx_hal_i2c.o
    0x080038d8   0x080038d8   0x00000070   Code   RO         2069    i.I2C_WaitOnRXNEFlagUntilTimeout  stm32f1xx_hal_i2c.o
    0x08003948   0x08003948   0x00000056   Code   RO         2070    i.I2C_WaitOnTXEFlagUntilTimeout  stm32f1xx_hal_i2c.o
    0x0800399e   0x0800399e   0x00000002   PAD
    0x080039a0   0x080039a0   0x00000040   Code   RO         4013    i.Key_GetState      key.o
    0x080039e0   0x080039e0   0x00000068   Code   RO         4014    i.Key_Init          key.o
    0x08003a48   0x08003a48   0x00000140   Code   RO         4129    i.MAX30100_GetHeartRate  max30100.o
    0x08003b88   0x08003b88   0x0000012c   Code   RO         4131    i.MAX30100_GetSpO2  max30100.o
    0x08003cb4   0x08003cb4   0x000000b0   Code   RO         4132    i.MAX30100_Init     max30100.o
    0x08003d64   0x08003d64   0x00000088   Code   RO         4133    i.MAX30100_ReadFIFO  max30100.o
    0x08003dec   0x08003dec   0x00000008   Code   RO         4134    i.MAX30100_Reset    max30100.o
    0x08003df4   0x08003df4   0x00000024   Code   RO         4135    i.MAX30100_WriteReg  max30100.o
    0x08003e18   0x08003e18   0x00000050   Code   RO          325    i.MX_ADC1_Init      adc.o
    0x08003e68   0x08003e68   0x0000003c   Code   RO          365    i.MX_DMA_Init       dma.o
    0x08003ea4   0x08003ea4   0x00000150   Code   RO          192    i.MX_GPIO_Init      gpio.o
    0x08003ff4   0x08003ff4   0x00000040   Code   RO          394    i.MX_I2C2_Init      i2c.o
    0x08004034   0x08004034   0x0000002c   Code   RO          434    i.MX_IWDG_Init      iwdg.o
    0x08004060   0x08004060   0x00000068   Code   RO          467    i.MX_TIM1_Init      tim.o
    0x080040c8   0x080040c8   0x00000094   Code   RO          468    i.MX_TIM3_Init      tim.o
    0x0800415c   0x0800415c   0x00000038   Code   RO          521    i.MX_USART1_UART_Init  usart.o
    0x08004194   0x08004194   0x00000002   Code   RO          585    i.MemManage_Handler  stm32f1xx_it.o
    0x08004196   0x08004196   0x00000002   Code   RO          586    i.NMI_Handler       stm32f1xx_it.o
    0x08004198   0x08004198   0x00000026   Code   RO         3838    i.OLED_Clear        oled.o
    0x080041be   0x080041be   0x00000002   PAD
    0x080041c0   0x080041c0   0x00000024   Code   RO         3839    i.OLED_I2C_Init     oled.o
    0x080041e4   0x080041e4   0x00000054   Code   RO         3840    i.OLED_I2C_SendByte  oled.o
    0x08004238   0x08004238   0x00000034   Code   RO         3841    i.OLED_I2C_Start    oled.o
    0x0800426c   0x0800426c   0x0000002c   Code   RO         3842    i.OLED_I2C_Stop     oled.o
    0x08004298   0x08004298   0x000000ac   Code   RO         3843    i.OLED_Init         oled.o
    0x08004344   0x08004344   0x0000000e   Code   RO         3844    i.OLED_Pow          oled.o
    0x08004352   0x08004352   0x00000022   Code   RO         3845    i.OLED_SetCursor    oled.o
    0x08004374   0x08004374   0x00000068   Code   RO         3847    i.OLED_ShowChar     oled.o
    0x080043dc   0x080043dc   0x00000042   Code   RO         3849    i.OLED_ShowNum      oled.o
    0x0800441e   0x0800441e   0x00000026   Code   RO         3851    i.OLED_ShowString   oled.o
    0x08004444   0x08004444   0x00000022   Code   RO         3852    i.OLED_WriteCommand  oled.o
    0x08004466   0x08004466   0x00000022   Code   RO         3853    i.OLED_WriteData    oled.o
    0x08004488   0x08004488   0x00000002   Code   RO          587    i.PendSV_Handler    stm32f1xx_it.o
    0x0800448a   0x0800448a   0x0000001a   Code   RO         4331    i.RGB_BLACK_All     ws2812b.o
    0x080044a4   0x080044a4   0x000000e8   Code   RO         4332    i.RGB_Color         ws2812b.o
    0x0800458c   0x0800458c   0x00000002   Code   RO          588    i.SVC_Handler       stm32f1xx_it.o
    0x0800458e   0x0800458e   0x00000004   Code   RO          589    i.SysTick_Handler   stm32f1xx_it.o
    0x08004592   0x08004592   0x00000080   Code   RO           14    i.SystemClock_Config  main.o
    0x08004612   0x08004612   0x00000002   Code   RO         3801    i.SystemInit        system_stm32f1xx.o
    0x08004614   0x08004614   0x00000078   Code   RO         2559    i.TIM_Base_SetConfig  stm32f1xx_hal_tim.o
    0x0800468c   0x0800468c   0x0000001a   Code   RO         2560    i.TIM_CCxChannelCmd  stm32f1xx_hal_tim.o
    0x080046a6   0x080046a6   0x0000005e   Code   RO         2563    i.TIM_DMADelayPulseCplt  stm32f1xx_hal_tim.o
    0x08004704   0x08004704   0x00000038   Code   RO         2564    i.TIM_DMADelayPulseHalfCplt  stm32f1xx_hal_tim.o
    0x0800473c   0x0800473c   0x00000054   Code   RO         2565    i.TIM_DMAError      stm32f1xx_hal_tim.o
    0x08004790   0x08004790   0x00000014   Code   RO         2570    i.TIM_ETR_SetConfig  stm32f1xx_hal_tim.o
    0x080047a4   0x080047a4   0x00000010   Code   RO         2571    i.TIM_ITRx_SetConfig  stm32f1xx_hal_tim.o
    0x080047b4   0x080047b4   0x00000050   Code   RO         2572    i.TIM_OC1_SetConfig  stm32f1xx_hal_tim.o
    0x08004804   0x08004804   0x00000058   Code   RO         2573    i.TIM_OC2_SetConfig  stm32f1xx_hal_tim.o
    0x0800485c   0x0800485c   0x00000058   Code   RO         2574    i.TIM_OC3_SetConfig  stm32f1xx_hal_tim.o
    0x080048b4   0x080048b4   0x00000044   Code   RO         2575    i.TIM_OC4_SetConfig  stm32f1xx_hal_tim.o
    0x080048f8   0x080048f8   0x00000022   Code   RO         2577    i.TIM_TI1_ConfigInputStage  stm32f1xx_hal_tim.o
    0x0800491a   0x0800491a   0x00000024   Code   RO         2579    i.TIM_TI2_ConfigInputStage  stm32f1xx_hal_tim.o
    0x0800493e   0x0800493e   0x00000010   Code   RO         3480    i.UART_DMAAbortOnError  stm32f1xx_hal_uart.o
    0x0800494e   0x0800494e   0x0000004e   Code   RO         3490    i.UART_EndRxTransfer  stm32f1xx_hal_uart.o
    0x0800499c   0x0800499c   0x000000c2   Code   RO         3492    i.UART_Receive_IT   stm32f1xx_hal_uart.o
    0x08004a5e   0x08004a5e   0x00000002   PAD
    0x08004a60   0x08004a60   0x000000b8   Code   RO         3493    i.UART_SetConfig    stm32f1xx_hal_uart.o
    0x08004b18   0x08004b18   0x00000072   Code   RO         3496    i.UART_WaitOnFlagUntilTimeout  stm32f1xx_hal_uart.o
    0x08004b8a   0x08004b8a   0x00000002   PAD
    0x08004b8c   0x08004b8c   0x0000000c   Code   RO          590    i.USART1_IRQHandler  stm32f1xx_it.o
    0x08004b98   0x08004b98   0x00000002   Code   RO          591    i.UsageFault_Handler  stm32f1xx_it.o
    0x08004b9a   0x08004b9a   0x00000002   PAD
    0x08004b9c   0x08004b9c   0x00000010   Code   RO         4530    i.__0printf$bare    mc_w.l(printfb.o)
    0x08004bac   0x08004bac   0x00000026   Code   RO         4805    i.__ARM_fpclassifyf  m_ws.l(fpclassifyf.o)
    0x08004bd2   0x08004bd2   0x00000020   Code   RO         1510    i.__NVIC_SetPriority  stm32f1xx_hal_cortex.o
    0x08004bf2   0x08004bf2   0x00000006   Code   RO         4808    i.__mathlib_flt_infnan  m_ws.l(funder.o)
    0x08004bf8   0x08004bf8   0x00000008   Code   RO         4810    i.__mathlib_flt_invalid  m_ws.l(funder.o)
    0x08004c00   0x08004c00   0x0000000a   Code   RO         4813    i.__mathlib_flt_underflow  m_ws.l(funder.o)
    0x08004c0a   0x08004c0a   0x00000002   PAD
    0x08004c0c   0x08004c0c   0x00000168   Code   RO         4821    i.__mathlib_rredf2  m_ws.l(rredf.o)
    0x08004d74   0x08004d74   0x0000000e   Code   RO         4877    i.__scatterload_copy  mc_w.l(handlers.o)
    0x08004d82   0x08004d82   0x00000002   Code   RO         4878    i.__scatterload_null  mc_w.l(handlers.o)
    0x08004d84   0x08004d84   0x0000000e   Code   RO         4879    i.__scatterload_zeroinit  mc_w.l(handlers.o)
    0x08004d92   0x08004d92   0x00000002   PAD
    0x08004d94   0x08004d94   0x0000000c   Code   RO         4847    i.__set_errno       mc_w.l(errno.o)
    0x08004da0   0x08004da0   0x00000022   Code   RO         4537    i._printf_core      mc_w.l(printfb.o)
    0x08004dc2   0x08004dc2   0x00000002   PAD
    0x08004dc4   0x08004dc4   0x0000003c   Code   RO         4136    i.apply_ma_filter   max30100.o
    0x08004e00   0x08004e00   0x0000009c   Code   RO         4137    i.compute_bpm_from_timestamps  max30100.o
    0x08004e9c   0x08004e9c   0x00000028   Code   RO         4217    i.delay_us          ds18b20.o
    0x08004ec4   0x08004ec4   0x00000018   Code   RO          523    i.fputc             usart.o
    0x08004edc   0x08004edc   0x0000004e   Code   RO         4459    i.int_to_str        data_protocol.o
    0x08004f2a   0x08004f2a   0x00000002   PAD
    0x08004f2c   0x08004f2c   0x00000048   Code   RO           15    i.main              main.o
    0x08004f74   0x08004f74   0x00000040   Code   RO         4333    i.set_ws2812_color  ws2812b.o
    0x08004fb4   0x08004fb4   0x00000188   Code   RO         4515    i.sinf              m_ws.l(sinf.o)
    0x0800513c   0x0800513c   0x000000e4   Code   RO         4384    i.ws2812_adc_driven_update  ws2812_effects.o
    0x08005220   0x08005220   0x0000001c   Code   RO         4385    i.ws2812_demo_start  ws2812_effects.o
    0x0800523c   0x0800523c   0x000001ac   Code   RO         4386    i.ws2812_demo_update  ws2812_effects.o
    0x080053e8   0x080053e8   0x00000014   Code   RO         4334    i.ws2812_update_display  ws2812b.o
    0x080053fc   0x080053fc   0x00000012   Data   RO         1208    .constdata          stm32f1xx_hal_rcc.o
    0x0800540e   0x0800540e   0x00000010   Data   RO         3802    .constdata          system_stm32f1xx.o
    0x0800541e   0x0800541e   0x00000008   Data   RO         3803    .constdata          system_stm32f1xx.o
    0x08005426   0x08005426   0x000005f0   Data   RO         3854    .constdata          oled.o
    0x08005a16   0x08005a16   0x00000100   Data   RO         4336    .constdata          ws2812b.o
    0x08005b16   0x08005b16   0x00000002   PAD
    0x08005b18   0x08005b18   0x00000027   Data   RO         4391    .constdata          ws2812_effects.o
    0x08005b3f   0x08005b3f   0x00000001   PAD
    0x08005b40   0x08005b40   0x00000020   Data   RO         4822    .constdata          m_ws.l(rredf.o)
    0x08005b60   0x08005b60   0x00000020   Data   RO         4875    Region$$Table       anon$$obj.o


    Execution Region RW_IRAM1 (Exec base: 0x20000000, Load base: 0x08005b80, Size: 0x00000bb0, Max: 0x00005000, ABSOLUTE)

    Exec Addr    Load Addr    Size         Type   Attr      Idx    E Section Name        Object

    0x20000000   0x08005b80   0x0000000c   Data   RW         1045    .data               stm32f1xx_hal.o
    0x2000000c   0x08005b8c   0x00000004   Data   RW         3804    .data               system_stm32f1xx.o
    0x20000010   0x08005b90   0x00000008   Data   RW         3961    .data               beep.o
    0x20000018   0x08005b98   0x00000034   Data   RW         4051    .data               app.o
    0x2000004c   0x08005bcc   0x0000002c   Data   RW         4139    .data               max30100.o
    0x20000078   0x08005bf8   0x00000002   Data   RW         4283    .data               guangzhao.o
    0x2000007a   0x08005bfa   0x00000002   PAD
    0x2000007c   0x08005bfc   0x0000000c   Data   RW         4392    .data               ws2812_effects.o
    0x20000088   0x08005c08   0x00000004   Data   RW         4461    .data               data_protocol.o
    0x2000008c   0x08005c0c   0x00000004   Data   RW         4840    .data               mc_w.l(stdout.o)
    0x20000090   0x08005c10   0x00000004   Data   RW         4848    .data               mc_w.l(errno.o)
    0x20000094        -       0x00000074   Zero   RW          326    .bss                adc.o
    0x20000108        -       0x00000054   Zero   RW          395    .bss                i2c.o
    0x2000015c        -       0x0000000c   Zero   RW          435    .bss                iwdg.o
    0x20000168        -       0x000000d4   Zero   RW          469    .bss                tim.o
    0x2000023c        -       0x00000048   Zero   RW          524    .bss                usart.o
    0x20000284        -       0x000003c4   Zero   RW         4138    .bss                max30100.o
    0x20000648        -       0x00000014   Zero   RW         4282    .bss                guangzhao.o
    0x2000065c        -       0x000000c0   Zero   RW         4335    .bss                ws2812b.o
    0x2000071c        -       0x00000090   Zero   RW         4460    .bss                data_protocol.o
    0x200007ac   0x08005c14   0x00000004   PAD
    0x200007b0        -       0x00000400   Zero   RW            1    STACK               startup_stm32f103xb.o


==============================================================================

Image component sizes


      Code (inc. data)   RO Data    RW Data    ZI Data      Debug   Object Name

       240         32          0          0        116       1699   adc.o
      2412        724          0         52          0       6413   app.o
       134         26          0          8          0       2707   beep.o
       548         90          0          4        144       4131   data_protocol.o
        60          4          0          0          0        738   dma.o
       488         28          0          0          0       4032   ds18b20.o
       338         20          0          0          0     453348   gpio.o
       150         22          0          2         20       2778   guangzhao.o
       160         28          0          0         84       1577   i2c.o
        44          8          0          0         12        679   iwdg.o
       168         24          0          0          0       1298   key.o
       204          6          0          0          0     378000   main.o
      1192         92          0         44        964       7736   max30100.o
       750         26       1520          0          0       7841   oled.o
        36          8        236          0       1024        784   startup_stm32f103xb.o
       164         28          0         12          0       5793   stm32f1xx_hal.o
      1356         56          0          0          0       9714   stm32f1xx_hal_adc.o
         2          0          0          0          0       1029   stm32f1xx_hal_adc_ex.o
       198         14          0          0          0      28863   stm32f1xx_hal_cortex.o
       808         36          0          0          0       4894   stm32f1xx_hal_dma.o
       524         40          0          0          0       4042   stm32f1xx_hal_gpio.o
      2338         54          0          0          0      12414   stm32f1xx_hal_i2c.o
       106          0          0          0          0       1819   stm32f1xx_hal_iwdg.o
        60          8          0          0          0        846   stm32f1xx_hal_msp.o
      1240         84         18          0          0       5040   stm32f1xx_hal_rcc.o
       236         12          0          0          0       1356   stm32f1xx_hal_rcc_ex.o
      2138         78          0          0          0      17607   stm32f1xx_hal_tim.o
       104         12          0          0          0       1332   stm32f1xx_hal_tim_ex.o
      1472         10          0          0          0       9410   stm32f1xx_hal_uart.o
        74         24          0          0          0       5887   stm32f1xx_it.o
         2          0         24          4          0       1079   system_stm32f1xx.o
       456         52          0          0        212       3020   tim.o
       252         52          0          0         72       2628   usart.o
       684         36         39         12          0       2732   ws2812_effects.o
       362         28        256          0        192       4021   ws2812b.o

    ----------------------------------------------------------------------
     19544       1762       2128        140       2844     997287   Object Totals
         0          0         32          0          0          0   (incl. Generated)
        44          0          3          2          4          0   (incl. Padding)

    ----------------------------------------------------------------------

      Code (inc. data)   RO Data    RW Data    ZI Data      Debug   Library Member Name

        38          0          0          0          0         68   fpclassifyf.o
        24          0          0          0          0        204   funder.o
       360         16         32          0          0         88   rredf.o
       392         54          0          0          0        124   sinf.o
         0          0          0          0          0          0   entry.o
         0          0          0          0          0          0   entry10a.o
         0          0          0          0          0          0   entry11a.o
         4          0          0          0          0          0   entry12b.o
         8          4          0          0          0          0   entry2.o
         4          0          0          0          0          0   entry5.o
         0          0          0          0          0          0   entry7b.o
         0          0          0          0          0          0   entry8b.o
         8          4          0          0          0          0   entry9a.o
        12          6          0          4          0         68   errno.o
        30          0          0          0          0          0   handlers.o
        36          8          0          0          0         68   init.o
         0          0          0          0          0          0   iusefp.o
        36          0          0          0          0        108   memseta.o
        50          8          0          0          0        152   printfb.o
         0          0          0          4          0          0   stdout.o
       176          0          0          0          0        140   fadd.o
       124          0          0          0          0         88   fdiv.o
       110          0          0          0          0        168   fepilogue.o
        50          0          0          0          0         68   ffixi.o
        40          0          0          0          0         68   ffixui.o
        18          0          0          0          0         68   fflti.o
        10          0          0          0          0         68   ffltui.o
       100          0          0          0          0         76   fmul.o
        60          0          0          0          0         76   frnd.o
        24          0          0          0          0         68   fscalb.o

    ----------------------------------------------------------------------
      1720        100         32          8          0       1768   Library Totals
         6          0          0          0          0          0   (incl. Padding)

    ----------------------------------------------------------------------

      Code (inc. data)   RO Data    RW Data    ZI Data      Debug   Library Name

       814         70         32          0          0        484   m_ws.l
       188         30          0          8          0        396   mc_w.l
       712          0          0          0          0        888   mf_w.l

    ----------------------------------------------------------------------
      1720        100         32          8          0       1768   Library Totals

    ----------------------------------------------------------------------

==============================================================================


      Code (inc. data)   RO Data    RW Data    ZI Data      Debug   

     21264       1862       2160        148       2844     989119   Grand Totals
     21264       1862       2160        148       2844     989119   ELF Image Totals
     21264       1862       2160        148          0          0   ROM Totals

==============================================================================

    Total RO  Size (Code + RO Data)                23424 (  22.88kB)
    Total RW  Size (RW Data + ZI Data)              2992 (   2.92kB)
    Total ROM Size (Code + RO Data + RW Data)      23572 (  23.02kB)

==============================================================================

